Archive member included to satisfy reference by file (symbol)

C:\Users\WindowsUser\SimplicityStudio\v4_workspace\soc-empty\protocol\bluetooth\lib\EFR32MG12P\GCC\libbluetooth.a(bgapi.c.obj)
                              ./main.o (gecko_cmd_msg_buf)
C:\Users\WindowsUser\SimplicityStudio\v4_workspace\soc-empty\protocol\bluetooth\lib\EFR32MG12P\GCC\libbluetooth.a(bgapi_gap.c.obj)
                              ./main.o (sli_bt_cmd_le_gap_set_advertise_timing)
C:\Users\WindowsUser\SimplicityStudio\v4_workspace\soc-empty\protocol\bluetooth\lib\EFR32MG12P\GCC\libbluetooth.a(bgapi_gatt.c.obj)
                              C:\Users\WindowsUser\SimplicityStudio\v4_workspace\soc-empty\protocol\bluetooth\lib\EFR32MG12P\GCC\libbluetooth.a(bgapi.c.obj) (bgapi_gatt_listener)
C:\Users\WindowsUser\SimplicityStudio\v4_workspace\soc-empty\protocol\bluetooth\lib\EFR32MG12P\GCC\libbluetooth.a(bgapi_gatt_lib.c.obj)
                              ./main.o (sli_bt_cmd_gatt_server_write_attribute_value)
C:\Users\WindowsUser\SimplicityStudio\v4_workspace\soc-empty\protocol\bluetooth\lib\EFR32MG12P\GCC\libbluetooth.a(bgapi_le_connection.c.obj)
                              ./main.o (sli_bt_cmd_le_connection_close)
C:\Users\WindowsUser\SimplicityStudio\v4_workspace\soc-empty\protocol\bluetooth\lib\EFR32MG12P\GCC\libbluetooth.a(bgapi_system.c.obj)
                              ./main.o (sli_bt_cmd_system_reset)
C:\Users\WindowsUser\SimplicityStudio\v4_workspace\soc-empty\protocol\bluetooth\lib\EFR32MG12P\GCC\libbluetooth.a(bgbuf.c.obj)
                              C:\Users\WindowsUser\SimplicityStudio\v4_workspace\soc-empty\protocol\bluetooth\lib\EFR32MG12P\GCC\libbluetooth.a(bgapi.c.obj) (bgbuf_chain_free)
C:\Users\WindowsUser\SimplicityStudio\v4_workspace\soc-empty\protocol\bluetooth\lib\EFR32MG12P\GCC\libbluetooth.a(bglib.c.obj)
                              ./main.o (gecko_stack_init)
C:\Users\WindowsUser\SimplicityStudio\v4_workspace\soc-empty\protocol\bluetooth\lib\EFR32MG12P\GCC\libbluetooth.a(btl_interface.c.obj)
                              C:\Users\WindowsUser\SimplicityStudio\v4_workspace\soc-empty\protocol\bluetooth\lib\EFR32MG12P\GCC\libbluetooth.a(bgapi.c.obj) (bootloader_getInfo)
C:\Users\WindowsUser\SimplicityStudio\v4_workspace\soc-empty\protocol\bluetooth\lib\EFR32MG12P\GCC\libbluetooth.a(efr32xg1x.c.obj)
                              C:\Users\WindowsUser\SimplicityStudio\v4_workspace\soc-empty\protocol\bluetooth\lib\EFR32MG12P\GCC\libbluetooth.a(bglib.c.obj) (bg_hal_get_current_ctune)
C:\Users\WindowsUser\SimplicityStudio\v4_workspace\soc-empty\protocol\bluetooth\lib\EFR32MG12P\GCC\libbluetooth.a(gap.c.obj)
                              C:\Users\WindowsUser\SimplicityStudio\v4_workspace\soc-empty\protocol\bluetooth\lib\EFR32MG12P\GCC\libbluetooth.a(bglib.c.obj) (gap_reset_state)
C:\Users\WindowsUser\SimplicityStudio\v4_workspace\soc-empty\protocol\bluetooth\lib\EFR32MG12P\GCC\libbluetooth.a(gap_adv.c.obj)
                              C:\Users\WindowsUser\SimplicityStudio\v4_workspace\soc-empty\protocol\bluetooth\lib\EFR32MG12P\GCC\libbluetooth.a(gap.c.obj) (gap_set_advertising_timeout)
C:\Users\WindowsUser\SimplicityStudio\v4_workspace\soc-empty\protocol\bluetooth\lib\EFR32MG12P\GCC\libbluetooth.a(gap_deprecated.c.obj)
                              C:\Users\WindowsUser\SimplicityStudio\v4_workspace\soc-empty\protocol\bluetooth\lib\EFR32MG12P\GCC\libbluetooth.a(bgapi_gap.c.obj) (ubt_gap_set_adv_parameters)
C:\Users\WindowsUser\SimplicityStudio\v4_workspace\soc-empty\protocol\bluetooth\lib\EFR32MG12P\GCC\libbluetooth.a(gap_resolver.c.obj)
                              C:\Users\WindowsUser\SimplicityStudio\v4_workspace\soc-empty\protocol\bluetooth\lib\EFR32MG12P\GCC\libbluetooth.a(gap.c.obj) (gap_address_resolver_step)
C:\Users\WindowsUser\SimplicityStudio\v4_workspace\soc-empty\protocol\bluetooth\lib\EFR32MG12P\GCC\libbluetooth.a(gap_scan.c.obj)
                              C:\Users\WindowsUser\SimplicityStudio\v4_workspace\soc-empty\protocol\bluetooth\lib\EFR32MG12P\GCC\libbluetooth.a(gap.c.obj) (gap_status_set_scan_packet)
C:\Users\WindowsUser\SimplicityStudio\v4_workspace\soc-empty\protocol\bluetooth\lib\EFR32MG12P\GCC\libbluetooth.a(gatt.c.obj)
                              C:\Users\WindowsUser\SimplicityStudio\v4_workspace\soc-empty\protocol\bluetooth\lib\EFR32MG12P\GCC\libbluetooth.a(gap.c.obj) (gatt_init_connection)
C:\Users\WindowsUser\SimplicityStudio\v4_workspace\soc-empty\protocol\bluetooth\lib\EFR32MG12P\GCC\libbluetooth.a(gatt_client.c.obj)
                              C:\Users\WindowsUser\SimplicityStudio\v4_workspace\soc-empty\protocol\bluetooth\lib\EFR32MG12P\GCC\libbluetooth.a(bgapi_gatt_lib.c.obj) (gatt_client_init)
C:\Users\WindowsUser\SimplicityStudio\v4_workspace\soc-empty\protocol\bluetooth\lib\EFR32MG12P\GCC\libbluetooth.a(gatt_db_minimal.c.obj)
[...]
Memory Configuration

Name             Origin             Length             Attributes
FLASH_BOOTLOADER 0x0fe10000         0x00004000         xr
FLASH            0x00000000         0x000ff000         xr
RAM              0x20000000         0x00040000         xrw
*default*        0x00000000         0xffffffff

Linker script and memory map

LOAD c:/siliconlabs/simplicitystudio/v4/developer/toolchains/gnu_arm/7.2_2017q4/bin/../lib/gcc/arm-none-eabi/7.2.1/thumb/v7e-m/fpv4-sp/softfp/crti.o
LOAD c:/siliconlabs/simplicitystudio/v4/developer/toolchains/gnu_arm/7.2_2017q4/bin/../lib/gcc/arm-none-eabi/7.2.1/thumb/v7e-m/fpv4-sp/softfp/crtbegin.o
LOAD c:/siliconlabs/simplicitystudio/v4/developer/toolchains/gnu_arm/7.2_2017q4/bin/../lib/gcc/arm-none-eabi/7.2.1/../../../../arm-none-eabi/lib/thumb/v7e-m/fpv4-sp/softfp/crt0.o
START GROUP
LOAD ./app/bluetooth/common/util/infrastructure.o
LOAD ./application_properties.o
LOAD ./gatt_db.o
LOAD ./init_app.o
LOAD ./init_board_efr32xg1.o
LOAD ./init_mcu_efr32xg1.o
LOAD ./main.o
LOAD ./pti.o
LOAD ./hardware/kit/common/bsp/bsp_stk.o
LOAD ./hardware/kit/common/drivers/mx25flash_spi.o
LOAD ./hardware/kit/common/drivers/retargetio.o
LOAD ./hardware/kit/common/drivers/retargetserial.o
LOAD ./platform/Device/SiliconLabs/EFR32MG12P/Source/GCC/startup_efr32mg12p.o
LOAD ./platform/Device/SiliconLabs/EFR32MG12P/Source/system_efr32mg12p.o
LOAD ./platform/emdrv/dmadrv/src/dmadrv.o
LOAD ./platform/emdrv/gpiointerrupt/src/gpiointerrupt.o
LOAD ./platform/emdrv/sleep/src/sleep.o
LOAD ./platform/emlib/src/em_adc.o
LOAD ./platform/emlib/src/em_assert.o
LOAD ./platform/emlib/src/em_cmu.o
LOAD ./platform/emlib/src/em_core.o
LOAD ./platform/emlib/src/em_cryotimer.o
LOAD ./platform/emlib/src/em_crypto.o
LOAD ./platform/emlib/src/em_emu.o
LOAD ./platform/emlib/src/em_gpio.o
LOAD ./platform/emlib/src/em_i2c.o
LOAD ./platform/emlib/src/em_ldma.o
LOAD ./platform/emlib/src/em_msc.o
LOAD ./platform/emlib/src/em_prs.o
LOAD ./platform/emlib/src/em_rmu.o
LOAD ./platform/emlib/src/em_rtcc.o
LOAD ./platform/emlib/src/em_se.o
LOAD ./platform/emlib/src/em_system.o
LOAD ./platform/emlib/src/em_timer.o
LOAD ./platform/emlib/src/em_usart.o
LOAD C:\Users\WindowsUser\SimplicityStudio\v4_workspace\soc-empty\protocol\bluetooth\lib\EFR32MG12P\GCC\libmbedtls.a
LOAD C:\Users\WindowsUser\SimplicityStudio\v4_workspace\soc-empty\protocol\bluetooth\lib\EFR32MG12P\GCC\libbluetooth.a
LOAD C:\Users\WindowsUser\SimplicityStudio\v4_workspace\soc-empty\protocol\bluetooth\lib\EFR32MG12P\GCC\libpsstore.a
LOAD C:\Users\WindowsUser\SimplicityStudio\v4_workspace\soc-empty\platform\radio\rail_lib\autogen\librail_release\librail_efr32xg12_gcc_release.a
LOAD C:\Users\WindowsUser\SimplicityStudio\v4_workspace\soc-empty\protocol\bluetooth\lib\EFR32MG12P\GCC\binapploader.o
LOAD c:/siliconlabs/simplicitystudio/v4/developer/toolchains/gnu_arm/7.2_2017q4/bin/../lib/gcc/arm-none-eabi/7.2.1/../../../../arm-none-eabi/lib/thumb/v7e-m/fpv4-sp/softfp\libm.a
END GROUP
START GROUP
LOAD c:/siliconlabs/simplicitystudio/v4/developer/toolchains/gnu_arm/7.2_2017q4/bin/../lib/gcc/arm-none-eabi/7.2.1/thumb/v7e-m/fpv4-sp/softfp\libgcc.a
LOAD c:/siliconlabs/simplicitystudio/v4/developer/toolchains/gnu_arm/7.2_2017q4/bin/../lib/gcc/arm-none-eabi/7.2.1/../../../../arm-none-eabi/lib/thumb/v7e-m/fpv4-sp/softfp\libc_nano.a
LOAD c:/siliconlabs/simplicitystudio/v4/developer/toolchains/gnu_arm/7.2_2017q4/bin/../lib/gcc/arm-none-eabi/7.2.1/../../../../arm-none-eabi/lib/thumb/v7e-m/fpv4-sp/softfp\libnosys.a
END GROUP
START GROUP
LOAD c:/siliconlabs/simplicitystudio/v4/developer/toolchains/gnu_arm/7.2_2017q4/bin/../lib/gcc/arm-none-eabi/7.2.1/thumb/v7e-m/fpv4-sp/softfp\libgcc.a
LOAD c:/siliconlabs/simplicitystudio/v4/developer/toolchains/gnu_arm/7.2_2017q4/bin/../lib/gcc/arm-none-eabi/7.2.1/../../../../arm-none-eabi/lib/thumb/v7e-m/fpv4-sp/softfp\libg_nano.a
LOAD c:/siliconlabs/simplicitystudio/v4/developer/toolchains/gnu_arm/7.2_2017q4/bin/../lib/gcc/arm-none-eabi/7.2.1/../../../../arm-none-eabi/lib/thumb/v7e-m/fpv4-sp/softfp\libc_nano.a
END GROUP
START GROUP
LOAD c:/siliconlabs/simplicitystudio/v4/developer/toolchains/gnu_arm/7.2_2017q4/bin/../lib/gcc/arm-none-eabi/7.2.1/thumb/v7e-m/fpv4-sp/softfp\libgcc.a
LOAD c:/siliconlabs/simplicitystudio/v4/developer/toolchains/gnu_arm/7.2_2017q4/bin/../lib/gcc/arm-none-eabi/7.2.1/../../../../arm-none-eabi/lib/thumb/v7e-m/fpv4-sp/softfp\libc_nano.a
END GROUP
LOAD c:/siliconlabs/simplicitystudio/v4/developer/toolchains/gnu_arm/7.2_2017q4/bin/../lib/gcc/arm-none-eabi/7.2.1/thumb/v7e-m/fpv4-sp/softfp/crtend.o
LOAD c:/siliconlabs/simplicitystudio/v4/developer/toolchains/gnu_arm/7.2_2017q4/bin/../lib/gcc/arm-none-eabi/7.2.1/thumb/v7e-m/fpv4-sp/softfp/crtn.o

.text_bootloader
                0x0fe10000        0x0
 *(.binbootloader*)
                0x0fe10000                . = ALIGN (0x4000)

.text_apploader
                0x00000000     0x8fc0
 *(.binapploader*)
 .binapploader  0x00000000     0x8fc0 C:\Users\WindowsUser\SimplicityStudio\v4_workspace\soc-empty\protocol\bluetooth\lib\EFR32MG12P\GCC\binapploader.o

.text_signature
                0x00008fc0       0x40
                0x00009000                . = ALIGN (0x800)
 *fill*         0x00008fc0       0x40 
                0x00009000                __text_start__ = .

.text_application
                0x00009000    0x22014
 *(.vectors)
 .vectors       0x00009000      0x10c ./platform/Device/SiliconLabs/EFR32MG12P/Source/GCC/startup_efr32mg12p.o
                0x00009000                __Vectors
                0x0000910c                __Vectors_End = .
                0x0000010c                __Vectors_Size = (__Vectors_End - __Vectors)
                0x0000910c                __end__ = .
 *(.application_properties)
 .application_properties
                0x0000910c       0x38 ./application_properties.o
                0x0000910c                applicationProperties
 *(.gecko_configuration)
 *(.xo_configuration)
 *(.gatt_header)
 .gatt_header   0x00009144       0x34 ./gatt_db.o
                0x00009144                bg_gattdb_data
 *(.gatt_data)
 .gatt_data     0x00009178      0x24e ./gatt_db.o
                0x00009178                bg_gattdb_data_adv_uuid128_map
                0x0000917c                bg_gattdb_data_adv_uuid16_map
                0x00009180                bg_gattdb_data_attributes_dynamic_mapping_map
                0x00009188                bg_gattdb_data_attributes_map
                0x00009290                bg_gattdb_data_attribute_field_0
                0x00009294                bg_gattdb_data_attribute_field_1
                0x0000929c                bg_gattdb_data_attribute_field_2
                0x000092a4                bg_gattdb_data_attribute_field_4
                0x000092a8                bg_gattdb_data_attribute_field_5
                0x000092b0                bg_gattdb_data_attribute_field_6
                0x000092b8                bg_gattdb_data_attribute_field_7
                0x000092c0                bg_gattdb_data_attribute_field_8
                0x000092c4                bg_gattdb_data_attribute_field_9
                0x000092c8                bg_gattdb_data_attribute_field_10
                0x000092d0                bg_gattdb_data_attribute_field_11
                0x000092e0                bg_gattdb_data_attribute_field_12
                0x000092e8                bg_gattdb_data_attribute_field_13
                0x000092f4                bg_gattdb_data_attribute_field_14
                0x000092fc                bg_gattdb_data_attribute_field_15
                0x00009304                bg_gattdb_data_attribute_field_16
                0x00009318                bg_gattdb_data_attribute_field_17
                0x00009330                bg_gattdb_data_attribute_field_18
                0x00009338                bg_gattdb_data_attribute_field_19
                0x0000934c                bg_gattdb_data_attribute_field_20
                0x00009364                bg_gattdb_data_attribute_field_21
                0x0000936c                bg_gattdb_data_uuidtable_128_map
                0x000093ac                bg_gattdb_data_uuidtable_16_map
 *(.text*)
 *fill*         0x000093c6        0x2 
 .text          0x000093c8       0x40 c:/siliconlabs/simplicitystudio/v4/developer/toolchains/gnu_arm/7.2_2017q4/bin/../lib/gcc/arm-none-eabi/7.2.1/thumb/v7e-m/fpv4-sp/softfp/crtbegin.o
 .text          0x00009408       0x74 c:/siliconlabs/simplicitystudio/v4/developer/toolchains/gnu_arm/7.2_2017q4/bin/../lib/gcc/arm-none-eabi/7.2.1/../../../../arm-none-eabi/lib/thumb/v7e-m/fpv4-sp/softfp/crt0.o
                0x00009408                _start
                0x00009408                _mainCRTStartup
 .text.initApp  0x0000947c        0x4 ./init_app.o
                0x0000947c                initApp
 .text.initBoard
                0x00009480       0x48 ./init_board_efr32xg1.o
                0x00009480                initBoard
 .text.initMcu  0x000094c8      0x170 ./init_mcu_efr32xg1.o
                0x000094c8                initMcu
 .text.startup.main
                0x00009638      0x234 ./main.o
                0x00009638                main
 .text.configEnablePti
                0x0000986c       0x30 ./pti.o
                0x0000986c                configEnablePti
 .text.MX25_init
                0x0000989c       0xa4 ./hardware/kit/common/drivers/mx25flash_spi.o
                0x0000989c                MX25_init
 .text.MX25_DP  0x00009940       0x60 ./hardware/kit/common/drivers/mx25flash_spi.o
                0x00009940                MX25_DP
 .text._close   0x000099a0        0x4 ./hardware/kit/common/drivers/retargetio.o
                0x000099a0                _close
 .text._exit    0x000099a4        0x4 ./hardware/kit/common/drivers/retargetio.o
                0x000099a4                _exit
 .text._fstat   0x000099a8        0xc ./hardware/kit/common/drivers/retargetio.o
                0x000099a8                _fstat
 .text._isatty  0x000099b4        0x4 ./hardware/kit/common/drivers/retargetio.o
                0x000099b4                _isatty
 .text._lseek   0x000099b8        0x4 ./hardware/kit/common/drivers/retargetio.o
                0x000099b8                _lseek
 .text._read    0x000099bc       0x2c ./hardware/kit/common/drivers/retargetio.o
                0x000099bc                _read
 .text._sbrk    0x000099e8       0x1c ./hardware/kit/common/drivers/retargetio.o
                0x000099e8                _sbrk
 .text._write   0x00009a04       0x1c ./hardware/kit/common/drivers/retargetio.o
                0x00009a04                _write
 .text.USART0_RX_IRQHandler
                0x00009a20       0x54 ./hardware/kit/common/drivers/retargetserial.o
                0x00009a20                USART0_RX_IRQHandler
 .text.RETARGET_SerialInit
                0x00009a74       0xbc ./hardware/kit/common/drivers/retargetserial.o
                0x00009a74                RETARGET_SerialInit
 .text.RETARGET_ReadChar
                0x00009b30       0x68 ./hardware/kit/common/drivers/retargetserial.o
                0x00009b30                RETARGET_ReadChar
 .text.RETARGET_WriteChar
                0x00009b98       0x5c ./hardware/kit/common/drivers/retargetserial.o
                0x00009b98                RETARGET_WriteChar
 .text.Default_Handler
                0x00009bf4        0x4 ./platform/Device/SiliconLabs/EFR32MG12P/Source/GCC/startup_efr32mg12p.o
                0x00009bf4                DebugMon_Handler
                0x00009bf4                USART0_TX_IRQHandler
                0x00009bf4                I2C0_IRQHandler
                0x00009bf4                HardFault_Handler
                0x00009bf4                SysTick_Handler
                0x00009bf4                USART1_RX_IRQHandler
                0x00009bf4                PendSV_Handler
                0x00009bf4                NMI_Handler
                0x00009bf4                I2C1_IRQHandler
                0x00009bf4                WTIMER0_IRQHandler
                0x00009bf4                CRYPTO0_IRQHandler
                0x00009bf4                WDOG0_IRQHandler
                0x00009bf4                USART1_TX_IRQHandler
                0x00009bf4                SMU_IRQHandler
                0x00009bf4                MSC_IRQHandler
                0x00009bf4                ADC0_IRQHandler
                0x00009bf4                UsageFault_Handler
                0x00009bf4                WDOG1_IRQHandler
                0x00009bf4                LEUART0_IRQHandler
                0x00009bf4                FPUEH_IRQHandler
                0x00009bf4                WTIMER1_IRQHandler
                0x00009bf4                VDAC0_IRQHandler
                0x00009bf4                CSEN_IRQHandler
                0x00009bf4                CRYPTO1_IRQHandler
                0x00009bf4                TIMER0_IRQHandler
                0x00009bf4                PCNT2_IRQHandler
                0x00009bf4                LETIMER0_IRQHandler
                0x00009bf4                TIMER1_IRQHandler
                0x00009bf4                TRNG0_IRQHandler
                0x00009bf4                USART2_RX_IRQHandler
                0x00009bf4                Default_Handler
                0x00009bf4                EMU_IRQHandler
                0x00009bf4                CRYOTIMER_IRQHandler
                0x00009bf4                PCNT0_IRQHandler
                0x00009bf4                PCNT1_IRQHandler
                0x00009bf4                ACMP0_IRQHandler
                0x00009bf4                MemManage_Handler
                0x00009bf4                SVC_Handler
                0x00009bf4                USART3_RX_IRQHandler
                0x00009bf4                RTCC_IRQHandler
                0x00009bf4                CMU_IRQHandler
                0x00009bf4                LESENSE_IRQHandler
                0x00009bf4                USART3_TX_IRQHandler
                0x00009bf4                BusFault_Handler
                0x00009bf4                USART2_TX_IRQHandler
                0x00009bf4                IDAC0_IRQHandler
 .text.Reset_Handler
                0x00009bf8       0x2c ./platform/Device/SiliconLabs/EFR32MG12P/Source/GCC/startup_efr32mg12p.o
                0x00009bf8                Reset_Handler
 .text.SystemMaxCoreClockGet
                0x00009c24        0x8 ./platform/Device/SiliconLabs/EFR32MG12P/Source/system_efr32mg12p.o
                0x00009c24                SystemMaxCoreClockGet
 .text.SystemHFClockGet
                0x00009c2c       0x50 ./platform/Device/SiliconLabs/EFR32MG12P/Source/system_efr32mg12p.o
                0x00009c2c                SystemHFClockGet
 .text.SystemCoreClockGet
                0x00009c7c       0x24 ./platform/Device/SiliconLabs/EFR32MG12P/Source/system_efr32mg12p.o
                0x00009c7c                SystemCoreClockGet
 .text.SystemHFXOClockGet
                0x00009ca0        0xc ./platform/Device/SiliconLabs/EFR32MG12P/Source/system_efr32mg12p.o
                0x00009ca0                SystemHFXOClockGet
 .text.SystemHFXOClockSet
                0x00009cac       0x3c ./platform/Device/SiliconLabs/EFR32MG12P/Source/system_efr32mg12p.o
                0x00009cac                SystemHFXOClockSet
 .text.SystemInit
                0x00009ce8       0x1c ./platform/Device/SiliconLabs/EFR32MG12P/Source/system_efr32mg12p.o
                0x00009ce8                SystemInit
 .text.SystemLFRCOClockGet
                0x00009d04        0x8 ./platform/Device/SiliconLabs/EFR32MG12P/Source/system_efr32mg12p.o
                0x00009d04                SystemLFRCOClockGet
 .text.SystemULFRCOClockGet
                0x00009d0c        0x8 ./platform/Device/SiliconLabs/EFR32MG12P/Source/system_efr32mg12p.o
                0x00009d0c                SystemULFRCOClockGet
 .text.SystemLFXOClockGet
                0x00009d14        0xc ./platform/Device/SiliconLabs/EFR32MG12P/Source/system_efr32mg12p.o
                0x00009d14                SystemLFXOClockGet
 .text.SystemLFXOClockSet
                0x00009d20       0x3c ./platform/Device/SiliconLabs/EFR32MG12P/Source/system_efr32mg12p.o
                0x00009d20                SystemLFXOClockSet
 .text.LDMA_IRQHandler
                0x00009d5c       0x88 ./platform/emdrv/dmadrv/src/dmadrv.o
                0x00009d5c                LDMA_IRQHandler
 .text.GPIO_EVEN_IRQHandler
                0x00009de4       0x44 ./platform/emdrv/gpiointerrupt/src/gpiointerrupt.o
                0x00009de4                GPIO_EVEN_IRQHandler
 .text.GPIO_ODD_IRQHandler
                0x00009e28       0x44 ./platform/emdrv/gpiointerrupt/src/gpiointerrupt.o
                0x00009e28                GPIO_ODD_IRQHandler
 .text.sleepCallbackWrapper
                0x00009e6c       0x14 ./platform/emdrv/sleep/src/sleep.o
 .text.enterEMx
                0x00009e80       0x54 ./platform/emdrv/sleep/src/sleep.o
 .text.SLEEP_Init
                0x00009ed4       0x40 ./platform/emdrv/sleep/src/sleep.o
                0x00009ed4                SLEEP_Init
 .text.SLEEP_Sleep
                0x00009f14       0x70 ./platform/emdrv/sleep/src/sleep.o
                0x00009f14                SLEEP_Sleep
 .text.SLEEP_SleepBlockBegin
                0x00009f84       0x18 ./platform/emdrv/sleep/src/sleep.o
                0x00009f84                SLEEP_SleepBlockBegin
 .text.SLEEP_SleepBlockEnd
                0x00009f9c       0x1c ./platform/emdrv/sleep/src/sleep.o
                0x00009f9c                SLEEP_SleepBlockEnd
 .text.SLEEP_LowestEnergyModeGet
                0x00009fb8       0x1c ./platform/emdrv/sleep/src/sleep.o
                0x00009fb8                SLEEP_LowestEnergyModeGet
 .text.flashWaitStateControl
                0x00009fd4       0x5c ./platform/emlib/src/em_cmu.o
 .text.flashWaitStateMax
                0x0000a030       0x24 ./platform/emlib/src/em_cmu.o
 .text.CMU_OscillatorTuningSet.part.2
                0x0000a054       0x3c ./platform/emlib/src/em_cmu.o
 .text.CMU_UpdateWaitStates
                0x0000a090       0x1c ./platform/emlib/src/em_cmu.o
                0x0000a090                CMU_UpdateWaitStates
 .text.CMU_ClockEnable
                0x0000a0ac       0x94 ./platform/emlib/src/em_cmu.o
                0x0000a0ac                CMU_ClockEnable
 .text.CMU_ClockSelectGet
                0x0000a140       0xc4 ./platform/emlib/src/em_cmu.o
                0x0000a140                CMU_ClockSelectGet
 .text.lfClkGet
                0x0000a204       0x94 ./platform/emlib/src/em_cmu.o
 .text.CMU_ClockFreqGet
                0x0000a298      0x1a8 ./platform/emlib/src/em_cmu.o
                0x0000a298                CMU_ClockFreqGet
 .text.CMU_HFXOInit
                0x0000a440       0x84 ./platform/emlib/src/em_cmu.o
                0x0000a440                CMU_HFXOInit
 .text.CMU_LFXOInit
                0x0000a4c4       0x50 ./platform/emlib/src/em_cmu.o
                0x0000a4c4                CMU_LFXOInit
 .text.CMU_OscillatorTuningWait
                0x0000a514       0x48 ./platform/emlib/src/em_cmu.o
                0x0000a514                CMU_OscillatorTuningWait
 .text.CMU_OscillatorEnable
                0x0000a55c      0x110 ./platform/emlib/src/em_cmu.o
                0x0000a55c                CMU_OscillatorEnable
 .text.CMU_ClockSelectSet
                0x0000a66c      0x2a8 ./platform/emlib/src/em_cmu.o
                0x0000a66c                CMU_ClockSelectSet
 .text.CMU_HFXOAutostartEnable
                0x0000a914       0xe4 ./platform/emlib/src/em_cmu.o
                0x0000a914                CMU_HFXOAutostartEnable
 .text.CORE_EnterCritical
                0x0000a9f8        0x8 ./platform/emlib/src/em_core.o
                0x0000a9f8                CORE_EnterCritical
 .text.CORE_ExitCritical
                0x0000aa00        0x8 ./platform/emlib/src/em_core.o
                0x0000aa00                CORE_ExitCritical
 .text.CORE_EnterAtomic
                0x0000aa08        0x8 ./platform/emlib/src/em_core.o
                0x0000aa08                CORE_EnterAtomic
 .text.CORE_ExitAtomic
                0x0000aa10        0x4 ./platform/emlib/src/em_core.o
                0x0000aa10                CORE_ExitAtomic
 .text.CORE_SetNvicRamTableHandler
                0x0000aa14       0x10 ./platform/emlib/src/em_core.o
                0x0000aa14                CORE_SetNvicRamTableHandler
 .text.CORE_InitNvicVectorTable
                0x0000aa24       0x44 ./platform/emlib/src/em_core.o
                0x0000aa24                CORE_InitNvicVectorTable
 .text.CRYPTO_ModulusSet
                0x0000aa68       0x38 ./platform/emlib/src/em_crypto.o
                0x0000aa68                CRYPTO_ModulusSet
 .text.CRYPTO_KeyRead
                0x0000aaa0       0x2c ./platform/emlib/src/em_crypto.o
                0x0000aaa0                CRYPTO_KeyRead
 .text.lpGetDevinfoVrefLowHigh
                0x0000aacc       0xdc ./platform/emlib/src/em_emu.o
 .text.vScaleDownEM23Setup
                0x0000aba8       0x30 ./platform/emlib/src/em_emu.o
 .text.vScaleAfterWakeup.part.1
                0x0000abd8       0x20 ./platform/emlib/src/em_emu.o
 .text.lpCmpHystCalibrationLoad.isra.2
                0x0000abf8       0x60 ./platform/emlib/src/em_emu.o
 .text.emState.part.3
                0x0000ac58       0xc0 ./platform/emlib/src/em_emu.o
 .text.emState.constprop.5
                0x0000ad18       0x50 ./platform/emlib/src/em_emu.o
 .text.EMU_EnterEM2
                0x0000ad68       0x4c ./platform/emlib/src/em_emu.o
                0x0000ad68                EMU_EnterEM2
 .text.EMU_EnterEM3
                0x0000adb4       0x68 ./platform/emlib/src/em_emu.o
                0x0000adb4                EMU_EnterEM3
 .text.EMU_Save
                0x0000ae1c        0x4 ./platform/emlib/src/em_emu.o
                0x0000ae1c                EMU_Save
 .text.EMU_Restore
                0x0000ae20        0x4 ./platform/emlib/src/em_emu.o
                0x0000ae20                EMU_Restore
 .text.EMU_EnterEM4
                0x0000ae24       0x30 ./platform/emlib/src/em_emu.o
                0x0000ae24                EMU_EnterEM4
 .text.EMU_VScaleEM01
                0x0000ae54       0x78 ./platform/emlib/src/em_emu.o
                0x0000ae54                EMU_VScaleEM01
 .text.EMU_VScaleEM01ByClock
                0x0000aecc       0x50 ./platform/emlib/src/em_emu.o
                0x0000aecc                EMU_VScaleEM01ByClock
 .text.EMU_EM01Init
                0x0000af1c       0x14 ./platform/emlib/src/em_emu.o
                0x0000af1c                EMU_EM01Init
 .text.EMU_EM23Init
                0x0000af30       0x24 ./platform/emlib/src/em_emu.o
                0x0000af30                EMU_EM23Init
 .text.EMU_DCDCModeSet
                0x0000af54       0x84 ./platform/emlib/src/em_emu.o
                0x0000af54                EMU_DCDCModeSet
 .text.EMU_DCDCOutputVoltageSet
                0x0000afd8      0x16c ./platform/emlib/src/em_emu.o
                0x0000afd8                EMU_DCDCOutputVoltageSet
 .text.EMU_DCDCOptimizeSlice
                0x0000b144       0xf8 ./platform/emlib/src/em_emu.o
                0x0000b144                EMU_DCDCOptimizeSlice
 .text.EMU_DCDCInit
                0x0000b23c      0x120 ./platform/emlib/src/em_emu.o
                0x0000b23c                EMU_DCDCInit
 .text.EMU_DCDCLnRcoBandSet
                0x0000b35c       0x24 ./platform/emlib/src/em_emu.o
                0x0000b35c                EMU_DCDCLnRcoBandSet
 .text.GPIO_PinModeSet
                0x0000b380       0x94 ./platform/emlib/src/em_gpio.o
                0x0000b380                GPIO_PinModeSet
 .text.MSC_Init
                0x0000b414       0x20 ./platform/emlib/src/em_msc.o
                0x0000b414                MSC_Init
 .text.MSC_Deinit
                0x0000b434       0x14 ./platform/emlib/src/em_msc.o
                0x0000b434                MSC_Deinit
 .text.RMU_ResetCauseClear
                0x0000b448        0xc ./platform/emlib/src/em_rmu.o
                0x0000b448                RMU_ResetCauseClear
 .text.RMU_ResetCauseGet
                0x0000b454       0x60 ./platform/emlib/src/em_rmu.o
                0x0000b454                RMU_ResetCauseGet
 .text.RTCC_ChannelInit
                0x0000b4b4       0x38 ./platform/emlib/src/em_rtcc.o
                0x0000b4b4                RTCC_ChannelInit
 .text.RTCC_Init
                0x0000b4ec       0x64 ./platform/emlib/src/em_rtcc.o
                0x0000b4ec                RTCC_Init
 .text.SYSTEM_ChipRevisionGet
                0x0000b550       0x34 ./platform/emlib/src/em_system.o
                0x0000b550                SYSTEM_ChipRevisionGet
 .text.USART_BaudrateAsyncSet
                0x0000b584       0x68 ./platform/emlib/src/em_usart.o
                0x0000b584                USART_BaudrateAsyncSet
 .text.USART_Enable
                0x0000b5ec       0x10 ./platform/emlib/src/em_usart.o
                0x0000b5ec                USART_Enable
 .text.USART_Reset
                0x0000b5fc       0x64 ./platform/emlib/src/em_usart.o
                0x0000b5fc                USART_Reset
 .text.USART_InitAsync
                0x0000b660       0x70 ./platform/emlib/src/em_usart.o
                0x0000b660                USART_InitAsync
 .text.USART_InitSync
                0x0000b6d0       0x94 ./platform/emlib/src/em_usart.o
                0x0000b6d0                USART_InitSync
 .text.USART_Rx
                0x0000b764        0xc ./platform/emlib/src/em_usart.o
                0x0000b764                USART_Rx
 .text.USART_SpiTransfer
                0x0000b770       0x14 ./platform/emlib/src/em_usart.o
                0x0000b770                USART_SpiTransfer
 .text.USART_Tx
                0x0000b784        0xc ./platform/emlib/src/em_usart.o
                0x0000b784                USART_Tx
 .text.convert_scan_respone_packet_type.isra.0
                0x0000b790       0x44 C:\Users\WindowsUser\SimplicityStudio\v4_workspace\soc-empty\protocol\bluetooth\lib\EFR32MG12P\GCC\libbluetooth.a(bgapi.c.obj)
 .text.bgapi_ubt_listener
                0x0000b7d4      0x3fc C:\Users\WindowsUser\SimplicityStudio\v4_workspace\soc-empty\protocol\bluetooth\lib\EFR32MG12P\GCC\libbluetooth.a(bgapi.c.obj)
                0x0000b7d4                bgapi_ubt_listener
 .text.register_message_handler
                0x0000bbd0        0xc C:\Users\WindowsUser\SimplicityStudio\v4_workspace\soc-empty\protocol\bluetooth\lib\EFR32MG12P\GCC\libbluetooth.a(bgapi.c.obj)
                0x0000bbd0                register_message_handler
 .text.bgapi_init
                0x0000bbdc       0x1c C:\Users\WindowsUser\SimplicityStudio\v4_workspace\soc-empty\protocol\bluetooth\lib\EFR32MG12P\GCC\libbluetooth.a(bgapi.c.obj)
                0x0000bbdc                bgapi_init
 .text.bgapi_buffer_init
                0x0000bbf8       0x30 C:\Users\WindowsUser\SimplicityStudio\v4_workspace\soc-empty\protocol\bluetooth\lib\EFR32MG12P\GCC\libbluetooth.a(bgapi.c.obj)
                0x0000bbf8                bgapi_buffer_init
 .text.bg_set_max_tx_power
                0x0000bc28       0x68 C:\Users\WindowsUser\SimplicityStudio\v4_workspace\soc-empty\protocol\bluetooth\lib\EFR32MG12P\GCC\libbluetooth.a(bgapi.c.obj)
                0x0000bc28                bg_set_max_tx_power
 .text.lib_le_gap_handler_init
                0x0000bc90        0x2 C:\Users\WindowsUser\SimplicityStudio\v4_workspace\soc-empty\protocol\bluetooth\lib\EFR32MG12P\GCC\libbluetooth.a(bgapi_gap.c.obj)
                0x0000bc90                lib_le_gap_handler_init
 *fill*         0x0000bc92        0x2 
 .text.sli_bt_cmd_le_gap_set_advertise_timing
                0x0000bc94       0x3c C:\Users\WindowsUser\SimplicityStudio\v4_workspace\soc-empty\protocol\bluetooth\lib\EFR32MG12P\GCC\libbluetooth.a(bgapi_gap.c.obj)
                0x0000bc94                sli_bt_cmd_le_gap_set_advertise_timing
 .text.sli_bt_cmd_le_gap_start_advertising
                0x0000bcd0       0x38 C:\Users\WindowsUser\SimplicityStudio\v4_workspace\soc-empty\protocol\bluetooth\lib\EFR32MG12P\GCC\libbluetooth.a(bgapi_gap.c.obj)
                0x0000bcd0                sli_bt_cmd_le_gap_start_advertising
 .text.bgapi_gatt_listener
                0x0000bd08      0x28c C:\Users\WindowsUser\SimplicityStudio\v4_workspace\soc-empty\protocol\bluetooth\lib\EFR32MG12P\GCC\libbluetooth.a(bgapi_gatt.c.obj)
                0x0000bd08                bgapi_gatt_listener
 .text.lib_gatt_handler_init
                0x0000bf94        0x4 C:\Users\WindowsUser\SimplicityStudio\v4_workspace\soc-empty\protocol\bluetooth\lib\EFR32MG12P\GCC\libbluetooth.a(bgapi_gatt_lib.c.obj)
                0x0000bf94                lib_gatt_handler_init
 .text.lib_gatt_server_handler_init
                0x0000bf98        0x2 C:\Users\WindowsUser\SimplicityStudio\v4_workspace\soc-empty\protocol\bluetooth\lib\EFR32MG12P\GCC\libbluetooth.a(bgapi_gatt_lib.c.obj)
                0x0000bf98                lib_gatt_server_handler_init
 *fill*         0x0000bf9a        0x2 
 .text.sli_bt_cmd_gatt_server_write_attribute_value
                0x0000bf9c       0x34 C:\Users\WindowsUser\SimplicityStudio\v4_workspace\soc-empty\protocol\bluetooth\lib\EFR32MG12P\GCC\libbluetooth.a(bgapi_gatt_lib.c.obj)
                0x0000bf9c                sli_bt_cmd_gatt_server_write_attribute_value
 .text.sli_bt_cmd_gatt_server_send_user_write_response
                0x0000bfd0       0x34 C:\Users\WindowsUser\SimplicityStudio\v4_workspace\soc-empty\protocol\bluetooth\lib\EFR32MG12P\GCC\libbluetooth.a(bgapi_gatt_lib.c.obj)
                0x0000bfd0                sli_bt_cmd_gatt_server_send_user_write_response
 .text.lib_le_connection_handler_init
                0x0000c004        0x2 C:\Users\WindowsUser\SimplicityStudio\v4_workspace\soc-empty\protocol\bluetooth\lib\EFR32MG12P\GCC\libbluetooth.a(bgapi_le_connection.c.obj)
                0x0000c004                lib_le_connection_handler_init
 .text.bgapi_close_le_connection
                0x0000c006       0x16 C:\Users\WindowsUser\SimplicityStudio\v4_workspace\soc-empty\protocol\bluetooth\lib\EFR32MG12P\GCC\libbluetooth.a(bgapi_le_connection.c.obj)
                0x0000c006                bgapi_close_le_connection
 .text.sli_bt_cmd_le_connection_close
                0x0000c01c       0x2c C:\Users\WindowsUser\SimplicityStudio\v4_workspace\soc-empty\protocol\bluetooth\lib\EFR32MG12P\GCC\libbluetooth.a(bgapi_le_connection.c.obj)
                0x0000c01c                sli_bt_cmd_le_connection_close
 .text.bgapi_system_listener
                0x0000c048       0x30 C:\Users\WindowsUser\SimplicityStudio\v4_workspace\soc-empty\protocol\bluetooth\lib\EFR32MG12P\GCC\libbluetooth.a(bgapi_system.c.obj)
                0x0000c048                bgapi_system_listener
 .text.lib_system_handler_init
                0x0000c078       0x14 C:\Users\WindowsUser\SimplicityStudio\v4_workspace\soc-empty\protocol\bluetooth\lib\EFR32MG12P\GCC\libbluetooth.a(bgapi_system.c.obj)
                0x0000c078                lib_system_handler_init
 .text.sli_bt_cmd_system_reset
                0x0000c08c        0x6 C:\Users\WindowsUser\SimplicityStudio\v4_workspace\soc-empty\protocol\bluetooth\lib\EFR32MG12P\GCC\libbluetooth.a(bgapi_system.c.obj)
                0x0000c08c                sli_bt_cmd_system_reset
 *fill*         0x0000c092        0x2 
 .text.bgbuf_alloc_int
                0x0000c094       0x9c C:\Users\WindowsUser\SimplicityStudio\v4_workspace\soc-empty\protocol\bluetooth\lib\EFR32MG12P\GCC\libbluetooth.a(bgbuf.c.obj)
 .text.bgbuf_init
                0x0000c130       0x2c C:\Users\WindowsUser\SimplicityStudio\v4_workspace\soc-empty\protocol\bluetooth\lib\EFR32MG12P\GCC\libbluetooth.a(bgbuf.c.obj)
                0x0000c130                bgbuf_init
 .text.bgbuf_alloc
                0x0000c15c        0xc C:\Users\WindowsUser\SimplicityStudio\v4_workspace\soc-empty\protocol\bluetooth\lib\EFR32MG12P\GCC\libbluetooth.a(bgbuf.c.obj)
                0x0000c15c                bgbuf_alloc
 .text.bgbuf_alloc_size
                0x0000c168       0x10 C:\Users\WindowsUser\SimplicityStudio\v4_workspace\soc-empty\protocol\bluetooth\lib\EFR32MG12P\GCC\libbluetooth.a(bgbuf.c.obj)
                0x0000c168                bgbuf_alloc_size
 .text.bgbuf_free
                0x0000c178       0x7c C:\Users\WindowsUser\SimplicityStudio\v4_workspace\soc-empty\protocol\bluetooth\lib\EFR32MG12P\GCC\libbluetooth.a(bgbuf.c.obj)
                0x0000c178                bgbuf_free
 .text.bgbuf_append
                0x0000c1f4       0x16 C:\Users\WindowsUser\SimplicityStudio\v4_workspace\soc-empty\protocol\bluetooth\lib\EFR32MG12P\GCC\libbluetooth.a(bgbuf.c.obj)
                0x0000c1f4                bgbuf_append
 .text.bgbuf_append_data
                0x0000c20a       0x24 C:\Users\WindowsUser\SimplicityStudio\v4_workspace\soc-empty\protocol\bluetooth\lib\EFR32MG12P\GCC\libbluetooth.a(bgbuf.c.obj)
                0x0000c20a                bgbuf_append_data
 .text.bgbuf_copy_to
                0x0000c22e       0x5e C:\Users\WindowsUser\SimplicityStudio\v4_workspace\soc-empty\protocol\bluetooth\lib\EFR32MG12P\GCC\libbluetooth.a(bgbuf.c.obj)
                0x0000c22e                bgbuf_copy_to
 .text.bgbuf_chain_free
                0x0000c28c       0x14 C:\Users\WindowsUser\SimplicityStudio\v4_workspace\soc-empty\protocol\bluetooth\lib\EFR32MG12P\GCC\libbluetooth.a(bgbuf.c.obj)
                0x0000c28c                bgbuf_chain_free
 .text.bgbuf_clone
                0x0000c2a0       0x72 C:\Users\WindowsUser\SimplicityStudio\v4_workspace\soc-empty\protocol\bluetooth\lib\EFR32MG12P\GCC\libbluetooth.a(bgbuf.c.obj)
                0x0000c2a0                bgbuf_clone
 .text.bgbuf_chain_pop_packet
                0x0000c312       0x26 C:\Users\WindowsUser\SimplicityStudio\v4_workspace\soc-empty\protocol\bluetooth\lib\EFR32MG12P\GCC\libbluetooth.a(bgbuf.c.obj)
                0x0000c312                bgbuf_chain_pop_packet
 .text.bgbuf_prepend_no_alloc
                0x0000c338       0x40 C:\Users\WindowsUser\SimplicityStudio\v4_workspace\soc-empty\protocol\bluetooth\lib\EFR32MG12P\GCC\libbluetooth.a(bgbuf.c.obj)
                0x0000c338                bgbuf_prepend_no_alloc
 .text.bgbuf_prepend
                0x0000c378       0x24 C:\Users\WindowsUser\SimplicityStudio\v4_workspace\soc-empty\protocol\bluetooth\lib\EFR32MG12P\GCC\libbluetooth.a(bgbuf.c.obj)
                0x0000c378                bgbuf_prepend
 .text.bgbuf_split
                0x0000c39c       0x50 C:\Users\WindowsUser\SimplicityStudio\v4_workspace\soc-empty\protocol\bluetooth\lib\EFR32MG12P\GCC\libbluetooth.a(bgbuf.c.obj)
                0x0000c39c                bgbuf_split
 .text.bgbuf_chain_get
                0x0000c3ec       0x46 C:\Users\WindowsUser\SimplicityStudio\v4_workspace\soc-empty\protocol\bluetooth\lib\EFR32MG12P\GCC\libbluetooth.a(bgbuf.c.obj)
                0x0000c3ec                bgbuf_chain_get
 .text.bgbuf_chain_get_head
                0x0000c432       0x10 C:\Users\WindowsUser\SimplicityStudio\v4_workspace\soc-empty\protocol\bluetooth\lib\EFR32MG12P\GCC\libbluetooth.a(bgbuf.c.obj)
                0x0000c432                bgbuf_chain_get_head
 .text.bgbuf_chain_len
                0x0000c442       0x14 C:\Users\WindowsUser\SimplicityStudio\v4_workspace\soc-empty\protocol\bluetooth\lib\EFR32MG12P\GCC\libbluetooth.a(bgbuf.c.obj)
                0x0000c442                bgbuf_chain_len
 .text.bgbuf_memcmp
                0x0000c456       0x44 C:\Users\WindowsUser\SimplicityStudio\v4_workspace\soc-empty\protocol\bluetooth\lib\EFR32MG12P\GCC\libbluetooth.a(bgbuf.c.obj)
                0x0000c456                bgbuf_memcmp
 .text.bgbuf_cmp
                0x0000c49a       0xac C:\Users\WindowsUser\SimplicityStudio\v4_workspace\soc-empty\protocol\bluetooth\lib\EFR32MG12P\GCC\libbluetooth.a(bgbuf.c.obj)
                0x0000c49a                bgbuf_cmp
 .text.bgbuf_chain_add
                0x0000c546       0x14 C:\Users\WindowsUser\SimplicityStudio\v4_workspace\soc-empty\protocol\bluetooth\lib\EFR32MG12P\GCC\libbluetooth.a(bgbuf.c.obj)
                0x0000c546                bgbuf_chain_add
 .text.bgbuf_chain_append_data
                0x0000c55a       0x64 C:\Users\WindowsUser\SimplicityStudio\v4_workspace\soc-empty\protocol\bluetooth\lib\EFR32MG12P\GCC\libbluetooth.a(bgbuf.c.obj)
                0x0000c55a                bgbuf_chain_append_data
 .text.bgbuf_alloc_copy_data
                0x0000c5be       0x2a C:\Users\WindowsUser\SimplicityStudio\v4_workspace\soc-empty\protocol\bluetooth\lib\EFR32MG12P\GCC\libbluetooth.a(bgbuf.c.obj)
                0x0000c5be                bgbuf_alloc_copy_data
 .text.bgbuf_chain_drop
                0x0000c5e8       0x2c C:\Users\WindowsUser\SimplicityStudio\v4_workspace\soc-empty\protocol\bluetooth\lib\EFR32MG12P\GCC\libbluetooth.a(bgbuf.c.obj)
                0x0000c5e8                bgbuf_chain_drop
 .text.bgbuf_chain_drop_end
                0x0000c614       0x42 C:\Users\WindowsUser\SimplicityStudio\v4_workspace\soc-empty\protocol\bluetooth\lib\EFR32MG12P\GCC\libbluetooth.a(bgbuf.c.obj)
                0x0000c614                bgbuf_chain_drop_end
 .text.bgbuf_chain_defragment
                0x0000c656       0x8c C:\Users\WindowsUser\SimplicityStudio\v4_workspace\soc-empty\protocol\bluetooth\lib\EFR32MG12P\GCC\libbluetooth.a(bgbuf.c.obj)
                0x0000c656                bgbuf_chain_defragment
 *fill*         0x0000c6e2        0x2 
 .text.bgbuf_add_callback
                0x0000c6e4       0x1c C:\Users\WindowsUser\SimplicityStudio\v4_workspace\soc-empty\protocol\bluetooth\lib\EFR32MG12P\GCC\libbluetooth.a(bgbuf.c.obj)
                0x0000c6e4                bgbuf_add_callback
 .text.gecko_init_alloc
                0x0000c700       0x38 C:\Users\WindowsUser\SimplicityStudio\v4_workspace\soc-empty\protocol\bluetooth\lib\EFR32MG12P\GCC\libbluetooth.a(bglib.c.obj)
                0x0000c700                gecko_init_alloc
 .text.user_signal_message_handler
                0x0000c738       0x2c C:\Users\WindowsUser\SimplicityStudio\v4_workspace\soc-empty\protocol\bluetooth\lib\EFR32MG12P\GCC\libbluetooth.a(bglib.c.obj)
 .text.gecko_process_event
                0x0000c764       0x5c C:\Users\WindowsUser\SimplicityStudio\v4_workspace\soc-empty\protocol\bluetooth\lib\EFR32MG12P\GCC\libbluetooth.a(bglib.c.obj)
 .text.check_ctune_override
                0x0000c7c0       0x2c C:\Users\WindowsUser\SimplicityStudio\v4_workspace\soc-empty\protocol\bluetooth\lib\EFR32MG12P\GCC\libbluetooth.a(bglib.c.obj)
                0x0000c7c0                check_ctune_override
 .text.gecko_stack_init
                0x0000c7ec      0x254 C:\Users\WindowsUser\SimplicityStudio\v4_workspace\soc-empty\protocol\bluetooth\lib\EFR32MG12P\GCC\libbluetooth.a(bglib.c.obj)
                0x0000c7ec                gecko_stack_init
 .text.gecko_wait_event
                0x0000ca40        0x6 C:\Users\WindowsUser\SimplicityStudio\v4_workspace\soc-empty\protocol\bluetooth\lib\EFR32MG12P\GCC\libbluetooth.a(bglib.c.obj)
                0x0000ca40                gecko_wait_event
 *fill*         0x0000ca46        0x2 
 .text.gecko_stack_update_callback
                0x0000ca48       0x10 C:\Users\WindowsUser\SimplicityStudio\v4_workspace\soc-empty\protocol\bluetooth\lib\EFR32MG12P\GCC\libbluetooth.a(bglib.c.obj)
                0x0000ca48                gecko_stack_update_callback
 .text.bootloader_getInfo
                0x0000ca58       0x58 C:\Users\WindowsUser\SimplicityStudio\v4_workspace\soc-empty\protocol\bluetooth\lib\EFR32MG12P\GCC\libbluetooth.a(btl_interface.c.obj)
                0x0000ca58                bootloader_getInfo
 .text.bg_hal_get_current_ctune
                0x0000cab0       0x14 C:\Users\WindowsUser\SimplicityStudio\v4_workspace\soc-empty\protocol\bluetooth\lib\EFR32MG12P\GCC\libbluetooth.a(efr32xg1x.c.obj)
                0x0000cab0                bg_hal_get_current_ctune
 .text.bg_hal_set_ctune
                0x0000cac4       0x64 C:\Users\WindowsUser\SimplicityStudio\v4_workspace\soc-empty\protocol\bluetooth\lib\EFR32MG12P\GCC\libbluetooth.a(efr32xg1x.c.obj)
                0x0000cac4                bg_hal_set_ctune
 .text.bg_hal_get_le_phys
                0x0000cb28        0x4 C:\Users\WindowsUser\SimplicityStudio\v4_workspace\soc-empty\protocol\bluetooth\lib\EFR32MG12P\GCC\libbluetooth.a(efr32xg1x.c.obj)
                0x0000cb28                bg_hal_get_le_phys
 .text.bg_hal_has_high_power_pa
                0x0000cb2c       0x10 C:\Users\WindowsUser\SimplicityStudio\v4_workspace\soc-empty\protocol\bluetooth\lib\EFR32MG12P\GCC\libbluetooth.a(efr32xg1x.c.obj)
                0x0000cb2c                bg_hal_has_high_power_pa
 .text.bg_hal_init_hfbus_clocks
                0x0000cb3c       0x14 C:\Users\WindowsUser\SimplicityStudio\v4_workspace\soc-empty\protocol\bluetooth\lib\EFR32MG12P\GCC\libbluetooth.a(efr32xg1x.c.obj)
                0x0000cb3c                bg_hal_init_hfbus_clocks
 .text.gap_is_scanning_or_advertising.part.0
                0x0000cb50       0x2c C:\Users\WindowsUser\SimplicityStudio\v4_workspace\soc-empty\protocol\bluetooth\lib\EFR32MG12P\GCC\libbluetooth.a(gap.c.obj)
 .text.gap_is_resolvable
                0x0000cb7c       0x18 C:\Users\WindowsUser\SimplicityStudio\v4_workspace\soc-empty\protocol\bluetooth\lib\EFR32MG12P\GCC\libbluetooth.a(gap.c.obj)
                0x0000cb7c                gap_is_resolvable
 .text.gap_init
                0x0000cb94       0x14 C:\Users\WindowsUser\SimplicityStudio\v4_workspace\soc-empty\protocol\bluetooth\lib\EFR32MG12P\GCC\libbluetooth.a(gap.c.obj)
                0x0000cb94                gap_init
 .text.gap_reset_state
                0x0000cba8       0xac C:\Users\WindowsUser\SimplicityStudio\v4_workspace\soc-empty\protocol\bluetooth\lib\EFR32MG12P\GCC\libbluetooth.a(gap.c.obj)
                0x0000cba8                gap_reset_state
 .text.gap_notify_connection_parameters
                0x0000cc54       0x60 C:\Users\WindowsUser\SimplicityStudio\v4_workspace\soc-empty\protocol\bluetooth\lib\EFR32MG12P\GCC\libbluetooth.a(gap.c.obj)
                0x0000cc54                gap_notify_connection_parameters
 .text.gap_connection_complete.part.4
                0x0000ccb4       0xc8 C:\Users\WindowsUser\SimplicityStudio\v4_workspace\soc-empty\protocol\bluetooth\lib\EFR32MG12P\GCC\libbluetooth.a(gap.c.obj)
 .text.gap_notify_phy_status
                0x0000cd7c       0x3c C:\Users\WindowsUser\SimplicityStudio\v4_workspace\soc-empty\protocol\bluetooth\lib\EFR32MG12P\GCC\libbluetooth.a(gap.c.obj)
                0x0000cd7c                gap_notify_phy_status
 .text.gap_resolver_completed
                0x0000cdb8       0x90 C:\Users\WindowsUser\SimplicityStudio\v4_workspace\soc-empty\protocol\bluetooth\lib\EFR32MG12P\GCC\libbluetooth.a(gap.c.obj)
                0x0000cdb8                gap_resolver_completed
 .text.check_private_address_and_timer
                0x0000ce48       0x64 C:\Users\WindowsUser\SimplicityStudio\v4_workspace\soc-empty\protocol\bluetooth\lib\EFR32MG12P\GCC\libbluetooth.a(gap.c.obj)
                0x0000ce48                check_private_address_and_timer
 .text.gap_scan_update
                0x0000ceac       0xb8 C:\Users\WindowsUser\SimplicityStudio\v4_workspace\soc-empty\protocol\bluetooth\lib\EFR32MG12P\GCC\libbluetooth.a(gap.c.obj)
                0x0000ceac                gap_scan_update
 .text.gap_listener
                0x0000cf64       0xa0 C:\Users\WindowsUser\SimplicityStudio\v4_workspace\soc-empty\protocol\bluetooth\lib\EFR32MG12P\GCC\libbluetooth.a(gap.c.obj)
                0x0000cf64                gap_listener
 .text.gap_disconnect_acl
                0x0000d004       0x12 C:\Users\WindowsUser\SimplicityStudio\v4_workspace\soc-empty\protocol\bluetooth\lib\EFR32MG12P\GCC\libbluetooth.a(gap.c.obj)
                0x0000d004                gap_disconnect_acl
 *fill*         0x0000d016        0x2 
 .text.gap_connection_disconnected
                0x0000d018       0x34 C:\Users\WindowsUser\SimplicityStudio\v4_workspace\soc-empty\protocol\bluetooth\lib\EFR32MG12P\GCC\libbluetooth.a(gap.c.obj)
                0x0000d018                gap_connection_disconnected
 .text.gap_connection_complete
                0x0000d04c       0x5c C:\Users\WindowsUser\SimplicityStudio\v4_workspace\soc-empty\protocol\bluetooth\lib\EFR32MG12P\GCC\libbluetooth.a(gap.c.obj)
                0x0000d04c                gap_connection_complete
 .text.gap_encryption_changed
                0x0000d0a8       0x50 C:\Users\WindowsUser\SimplicityStudio\v4_workspace\soc-empty\protocol\bluetooth\lib\EFR32MG12P\GCC\libbluetooth.a(gap.c.obj)
                0x0000d0a8                gap_encryption_changed
 .text.ubt_gap_set_static_address_identity
                0x0000d0f8       0x50 C:\Users\WindowsUser\SimplicityStudio\v4_workspace\soc-empty\protocol\bluetooth\lib\EFR32MG12P\GCC\libbluetooth.a(gap.c.obj)
                0x0000d0f8                ubt_gap_set_static_address_identity
 .text.ubt_gap_get_identity_address
                0x0000d148       0x1c C:\Users\WindowsUser\SimplicityStudio\v4_workspace\soc-empty\protocol\bluetooth\lib\EFR32MG12P\GCC\libbluetooth.a(gap.c.obj)
                0x0000d148                ubt_gap_get_identity_address
 .text.gap_acl_new
                0x0000d164       0x30 C:\Users\WindowsUser\SimplicityStudio\v4_workspace\soc-empty\protocol\bluetooth\lib\EFR32MG12P\GCC\libbluetooth.a(gap.c.obj)
                0x0000d164                gap_acl_new
 .text.ubt_gap_get_identity_address_type
                0x0000d194       0x10 C:\Users\WindowsUser\SimplicityStudio\v4_workspace\soc-empty\protocol\bluetooth\lib\EFR32MG12P\GCC\libbluetooth.a(gap.c.obj)
                0x0000d194                ubt_gap_get_identity_address_type
 .text.cache_adv_scan_packet
                0x0000d1a4       0x20 C:\Users\WindowsUser\SimplicityStudio\v4_workspace\soc-empty\protocol\bluetooth\lib\EFR32MG12P\GCC\libbluetooth.a(gap_adv.c.obj)
 .text.bgbuf_chain_append_byte
                0x0000d1c4       0x16 C:\Users\WindowsUser\SimplicityStudio\v4_workspace\soc-empty\protocol\bluetooth\lib\EFR32MG12P\GCC\libbluetooth.a(gap_adv.c.obj)
 .text.gap_adv_add_attribute
                0x0000d1da       0xa6 C:\Users\WindowsUser\SimplicityStudio\v4_workspace\soc-empty\protocol\bluetooth\lib\EFR32MG12P\GCC\libbluetooth.a(gap_adv.c.obj)
 .text.gap_adv_add_name
                0x0000d280       0x9e C:\Users\WindowsUser\SimplicityStudio\v4_workspace\soc-empty\protocol\bluetooth\lib\EFR32MG12P\GCC\libbluetooth.a(gap_adv.c.obj)
 .text.use_legacy_advertising
                0x0000d31e       0x36 C:\Users\WindowsUser\SimplicityStudio\v4_workspace\soc-empty\protocol\bluetooth\lib\EFR32MG12P\GCC\libbluetooth.a(gap_adv.c.obj)
 .text.gap_alloc_mem
                0x0000d354       0x2c C:\Users\WindowsUser\SimplicityStudio\v4_workspace\soc-empty\protocol\bluetooth\lib\EFR32MG12P\GCC\libbluetooth.a(gap_adv.c.obj)
                0x0000d354                gap_alloc_mem
 .text.gap_adv_terminated_callback
                0x0000d380       0x60 C:\Users\WindowsUser\SimplicityStudio\v4_workspace\soc-empty\protocol\bluetooth\lib\EFR32MG12P\GCC\libbluetooth.a(gap_adv.c.obj)
                0x0000d380                gap_adv_terminated_callback
 .text.gap_create_adv_packets
                0x0000d3e0      0x128 C:\Users\WindowsUser\SimplicityStudio\v4_workspace\soc-empty\protocol\bluetooth\lib\EFR32MG12P\GCC\libbluetooth.a(gap_adv.c.obj)
                0x0000d3e0                gap_create_adv_packets
 .text.gap_set_advertising_timeout
                0x0000d508       0x7c C:\Users\WindowsUser\SimplicityStudio\v4_workspace\soc-empty\protocol\bluetooth\lib\EFR32MG12P\GCC\libbluetooth.a(gap_adv.c.obj)
                0x0000d508                gap_set_advertising_timeout
 .text.gap_set_advertising_timing
                0x0000d584       0x64 C:\Users\WindowsUser\SimplicityStudio\v4_workspace\soc-empty\protocol\bluetooth\lib\EFR32MG12P\GCC\libbluetooth.a(gap_adv.c.obj)
                0x0000d584                gap_set_advertising_timing
 .text.gap_get_advertising_scan_report_enable
                0x0000d5e8       0x24 C:\Users\WindowsUser\SimplicityStudio\v4_workspace\soc-empty\protocol\bluetooth\lib\EFR32MG12P\GCC\libbluetooth.a(gap_adv.c.obj)
                0x0000d5e8                gap_get_advertising_scan_report_enable
 .text.gap_adv_update
                0x0000d60c      0x1d0 C:\Users\WindowsUser\SimplicityStudio\v4_workspace\soc-empty\protocol\bluetooth\lib\EFR32MG12P\GCC\libbluetooth.a(gap_adv.c.obj)
                0x0000d60c                gap_adv_update
 .text.gap_stop_advertising
                0x0000d7dc       0x2c C:\Users\WindowsUser\SimplicityStudio\v4_workspace\soc-empty\protocol\bluetooth\lib\EFR32MG12P\GCC\libbluetooth.a(gap_adv.c.obj)
                0x0000d7dc                gap_stop_advertising
 .text.gap_start_advertising
                0x0000d808      0x11c C:\Users\WindowsUser\SimplicityStudio\v4_workspace\soc-empty\protocol\bluetooth\lib\EFR32MG12P\GCC\libbluetooth.a(gap_adv.c.obj)
                0x0000d808                gap_start_advertising
 .text.gap_address_resolver_step
                0x0000d924       0x94 C:\Users\WindowsUser\SimplicityStudio\v4_workspace\soc-empty\protocol\bluetooth\lib\EFR32MG12P\GCC\libbluetooth.a(gap_resolver.c.obj)
                0x0000d924                gap_address_resolver_step
 .text.gap_resolver_start
                0x0000d9b8       0x40 C:\Users\WindowsUser\SimplicityStudio\v4_workspace\soc-empty\protocol\bluetooth\lib\EFR32MG12P\GCC\libbluetooth.a(gap_resolver.c.obj)
                0x0000d9b8                gap_resolver_start
 .text.gap_status_set_scan_packet
                0x0000d9f8       0x20 C:\Users\WindowsUser\SimplicityStudio\v4_workspace\soc-empty\protocol\bluetooth\lib\EFR32MG12P\GCC\libbluetooth.a(gap_scan.c.obj)
                0x0000d9f8                gap_status_set_scan_packet
 .text.gat_status_get_scan_packet
                0x0000da18        0xc C:\Users\WindowsUser\SimplicityStudio\v4_workspace\soc-empty\protocol\bluetooth\lib\EFR32MG12P\GCC\libbluetooth.a(gap_scan.c.obj)
                0x0000da18                gat_status_get_scan_packet
 .text.gap_status_set_scan_response
                0x0000da24       0x20 C:\Users\WindowsUser\SimplicityStudio\v4_workspace\soc-empty\protocol\bluetooth\lib\EFR32MG12P\GCC\libbluetooth.a(gap_scan.c.obj)
                0x0000da24                gap_status_set_scan_response
 .text.gat_status_get_scan_response
                0x0000da44        0xc C:\Users\WindowsUser\SimplicityStudio\v4_workspace\soc-empty\protocol\bluetooth\lib\EFR32MG12P\GCC\libbluetooth.a(gap_scan.c.obj)
                0x0000da44                gat_status_get_scan_response
 .text.handle_scan_response_callback
                0x0000da50      0x190 C:\Users\WindowsUser\SimplicityStudio\v4_workspace\soc-empty\protocol\bluetooth\lib\EFR32MG12P\GCC\libbluetooth.a(gap_scan.c.obj)
                0x0000da50                handle_scan_response_callback
 .text.gatt_init
                0x0000dbe0        0xc C:\Users\WindowsUser\SimplicityStudio\v4_workspace\soc-empty\protocol\bluetooth\lib\EFR32MG12P\GCC\libbluetooth.a(gatt.c.obj)
                0x0000dbe0                gatt_init
 .text.gatt_init_connection
                0x0000dbec       0x50 C:\Users\WindowsUser\SimplicityStudio\v4_workspace\soc-empty\protocol\bluetooth\lib\EFR32MG12P\GCC\libbluetooth.a(gatt.c.obj)
                0x0000dbec                gatt_init_connection
 .text.gatt_free_connection
                0x0000dc3c       0x50 C:\Users\WindowsUser\SimplicityStudio\v4_workspace\soc-empty\protocol\bluetooth\lib\EFR32MG12P\GCC\libbluetooth.a(gatt.c.obj)
                0x0000dc3c                gatt_free_connection
 .text.send_gatt_mtu_exchanged_event
                0x0000dc8c       0x2a C:\Users\WindowsUser\SimplicityStudio\v4_workspace\soc-empty\protocol\bluetooth\lib\EFR32MG12P\GCC\libbluetooth.a(gatt.c.obj)
                0x0000dc8c                send_gatt_mtu_exchanged_event
 .text.gatt_start_procedure_timeout_timer
                0x0000dcb6       0x16 C:\Users\WindowsUser\SimplicityStudio\v4_workspace\soc-empty\protocol\bluetooth\lib\EFR32MG12P\GCC\libbluetooth.a(gatt.c.obj)
                0x0000dcb6                gatt_start_procedure_timeout_timer
 .text.gatt_stop_procedure_timeout_timer
                0x0000dccc        0x6 C:\Users\WindowsUser\SimplicityStudio\v4_workspace\soc-empty\protocol\bluetooth\lib\EFR32MG12P\GCC\libbluetooth.a(gatt.c.obj)
                0x0000dccc                gatt_stop_procedure_timeout_timer
 .text.gatt_start_procedure
                0x0000dcd2       0x24 C:\Users\WindowsUser\SimplicityStudio\v4_workspace\soc-empty\protocol\bluetooth\lib\EFR32MG12P\GCC\libbluetooth.a(gatt.c.obj)
                0x0000dcd2                gatt_start_procedure
 .text.gatt_procedure_timeout
                0x0000dcf6       0x2e C:\Users\WindowsUser\SimplicityStudio\v4_workspace\soc-empty\protocol\bluetooth\lib\EFR32MG12P\GCC\libbluetooth.a(gatt.c.obj)
                0x0000dcf6                gatt_procedure_timeout
 .text.gatt_listener
                0x0000dd24       0x80 C:\Users\WindowsUser\SimplicityStudio\v4_workspace\soc-empty\protocol\bluetooth\lib\EFR32MG12P\GCC\libbluetooth.a(gatt.c.obj)
 .text.gatt_get_connection
                0x0000dda4        0xc C:\Users\WindowsUser\SimplicityStudio\v4_workspace\soc-empty\protocol\bluetooth\lib\EFR32MG12P\GCC\libbluetooth.a(gatt.c.obj)
                0x0000dda4                gatt_get_connection
 .text.gatt_get_next_connection
                0x0000ddb0       0x1a C:\Users\WindowsUser\SimplicityStudio\v4_workspace\soc-empty\protocol\bluetooth\lib\EFR32MG12P\GCC\libbluetooth.a(gatt.c.obj)
                0x0000ddb0                gatt_get_next_connection
 .text.free_params_data
                0x0000ddca       0x16 C:\Users\WindowsUser\SimplicityStudio\v4_workspace\soc-empty\protocol\bluetooth\lib\EFR32MG12P\GCC\libbluetooth.a(gatt_client.c.obj)
 .text.alloc_params_data
                0x0000dde0       0x2c C:\Users\WindowsUser\SimplicityStudio\v4_workspace\soc-empty\protocol\bluetooth\lib\EFR32MG12P\GCC\libbluetooth.a(gatt_client.c.obj)
 .text.should_start_long_read
                0x0000de0c       0x36 C:\Users\WindowsUser\SimplicityStudio\v4_workspace\soc-empty\protocol\bluetooth\lib\EFR32MG12P\GCC\libbluetooth.a(gatt_client.c.obj)
 .text.send_service_event
                0x0000de42       0x4a C:\Users\WindowsUser\SimplicityStudio\v4_workspace\soc-empty\protocol\bluetooth\lib\EFR32MG12P\GCC\libbluetooth.a(gatt_client.c.obj)
 .text.send_descriptor_value_event
                0x0000de8c       0x3c C:\Users\WindowsUser\SimplicityStudio\v4_workspace\soc-empty\protocol\bluetooth\lib\EFR32MG12P\GCC\libbluetooth.a(gatt_client.c.obj)
 .text.end_procedure
                0x0000dec8       0x3c C:\Users\WindowsUser\SimplicityStudio\v4_workspace\soc-empty\protocol\bluetooth\lib\EFR32MG12P\GCC\libbluetooth.a(gatt_client.c.obj)
 .text.abort_long_write
                0x0000df04       0x20 C:\Users\WindowsUser\SimplicityStudio\v4_workspace\soc-empty\protocol\bluetooth\lib\EFR32MG12P\GCC\libbluetooth.a(gatt_client.c.obj)
 .text.send_characteristic_value_event
                0x0000df24       0x72 C:\Users\WindowsUser\SimplicityStudio\v4_workspace\soc-empty\protocol\bluetooth\lib\EFR32MG12P\GCC\libbluetooth.a(gatt_client.c.obj)
 .text.write_value
                0x0000df96       0x4a C:\Users\WindowsUser\SimplicityStudio\v4_workspace\soc-empty\protocol\bluetooth\lib\EFR32MG12P\GCC\libbluetooth.a(gatt_client.c.obj)
 .text.gatt_find_included_services_handler
                0x0000dfe0       0xb0 C:\Users\WindowsUser\SimplicityStudio\v4_workspace\soc-empty\protocol\bluetooth\lib\EFR32MG12P\GCC\libbluetooth.a(gatt_client.c.obj)
                0x0000dfe0                gatt_find_included_services_handler
 .text.gatt_handle_exchange_mtu_rsp
                0x0000e090       0x48 C:\Users\WindowsUser\SimplicityStudio\v4_workspace\soc-empty\protocol\bluetooth\lib\EFR32MG12P\GCC\libbluetooth.a(gatt_client.c.obj)
                0x0000e090                gatt_handle_exchange_mtu_rsp
 .text.gatt_handle_find_information_response
                0x0000e0d8      0x152 C:\Users\WindowsUser\SimplicityStudio\v4_workspace\soc-empty\protocol\bluetooth\lib\EFR32MG12P\GCC\libbluetooth.a(gatt_client.c.obj)
                0x0000e0d8                gatt_handle_find_information_response
 .text.gatt_handle_find_by_type_value_response
                0x0000e22a       0xa0 C:\Users\WindowsUser\SimplicityStudio\v4_workspace\soc-empty\protocol\bluetooth\lib\EFR32MG12P\GCC\libbluetooth.a(gatt_client.c.obj)
                0x0000e22a                gatt_handle_find_by_type_value_response
 *fill*         0x0000e2ca        0x2 
 .text.gatt_handle_read_response
                0x0000e2cc       0xe4 C:\Users\WindowsUser\SimplicityStudio\v4_workspace\soc-empty\protocol\bluetooth\lib\EFR32MG12P\GCC\libbluetooth.a(gatt_client.c.obj)
                0x0000e2cc                gatt_handle_read_response
 .text.read_long_value_handler
                0x0000e3b0       0x72 C:\Users\WindowsUser\SimplicityStudio\v4_workspace\soc-empty\protocol\bluetooth\lib\EFR32MG12P\GCC\libbluetooth.a(gatt_client.c.obj)
 .text.gatt_handle_read_blob_response
                0x0000e422       0x36 C:\Users\WindowsUser\SimplicityStudio\v4_workspace\soc-empty\protocol\bluetooth\lib\EFR32MG12P\GCC\libbluetooth.a(gatt_client.c.obj)
                0x0000e422                gatt_handle_read_blob_response
 .text.gatt_handle_read_multiple_response
                0x0000e458       0x3c C:\Users\WindowsUser\SimplicityStudio\v4_workspace\soc-empty\protocol\bluetooth\lib\EFR32MG12P\GCC\libbluetooth.a(gatt_client.c.obj)
                0x0000e458                gatt_handle_read_multiple_response
 .text.gatt_handle_read_by_type_response
                0x0000e494      0x148 C:\Users\WindowsUser\SimplicityStudio\v4_workspace\soc-empty\protocol\bluetooth\lib\EFR32MG12P\GCC\libbluetooth.a(gatt_client.c.obj)
                0x0000e494                gatt_handle_read_by_type_response
 .text.gatt_handle_read_by_group_type_response
                0x0000e5dc       0xaa C:\Users\WindowsUser\SimplicityStudio\v4_workspace\soc-empty\protocol\bluetooth\lib\EFR32MG12P\GCC\libbluetooth.a(gatt_client.c.obj)
                0x0000e5dc                gatt_handle_read_by_group_type_response
 .text.gatt_handle_write_response
                0x0000e686       0x14 C:\Users\WindowsUser\SimplicityStudio\v4_workspace\soc-empty\protocol\bluetooth\lib\EFR32MG12P\GCC\libbluetooth.a(gatt_client.c.obj)
                0x0000e686                gatt_handle_write_response
 .text.gatt_handle_prepare_write_response
                0x0000e69a       0xb6 C:\Users\WindowsUser\SimplicityStudio\v4_workspace\soc-empty\protocol\bluetooth\lib\EFR32MG12P\GCC\libbluetooth.a(gatt_client.c.obj)
                0x0000e69a                gatt_handle_prepare_write_response
 .text.gatt_handle_execute_write_response
                0x0000e750       0x3c C:\Users\WindowsUser\SimplicityStudio\v4_workspace\soc-empty\protocol\bluetooth\lib\EFR32MG12P\GCC\libbluetooth.a(gatt_client.c.obj)
                0x0000e750                gatt_handle_execute_write_response
 .text.gatt_client_handle_value_notification
                0x0000e78c       0x12 C:\Users\WindowsUser\SimplicityStudio\v4_workspace\soc-empty\protocol\bluetooth\lib\EFR32MG12P\GCC\libbluetooth.a(gatt_client.c.obj)
                0x0000e78c                gatt_client_handle_value_notification
 .text.gatt_client_handle_value_indication
                0x0000e79e       0x14 C:\Users\WindowsUser\SimplicityStudio\v4_workspace\soc-empty\protocol\bluetooth\lib\EFR32MG12P\GCC\libbluetooth.a(gatt_client.c.obj)
                0x0000e79e                gatt_client_handle_value_indication
 *fill*         0x0000e7b2        0x2 
 .text.gatt_client_init
                0x0000e7b4        0xc C:\Users\WindowsUser\SimplicityStudio\v4_workspace\soc-empty\protocol\bluetooth\lib\EFR32MG12P\GCC\libbluetooth.a(gatt_client.c.obj)
                0x0000e7b4                gatt_client_init
 .text.get_att_uuid16
                0x0000e7c0       0x24 C:\Users\WindowsUser\SimplicityStudio\v4_workspace\soc-empty\protocol\bluetooth\lib\EFR32MG12P\GCC\libbluetooth.a(gatt_db_minimal.c.obj)
 .text.get_client_conf
                0x0000e7e4       0x24 C:\Users\WindowsUser\SimplicityStudio\v4_workspace\soc-empty\protocol\bluetooth\lib\EFR32MG12P\GCC\libbluetooth.a(gatt_db_minimal.c.obj)
 .text.gatt_db_set_db
                0x0000e808       0x14 C:\Users\WindowsUser\SimplicityStudio\v4_workspace\soc-empty\protocol\bluetooth\lib\EFR32MG12P\GCC\libbluetooth.a(gatt_db_minimal.c.obj)
                0x0000e808                gatt_db_set_db
 .text.gatt_db_invalidate_hash
                0x0000e81c       0x10 C:\Users\WindowsUser\SimplicityStudio\v4_workspace\soc-empty\protocol\bluetooth\lib\EFR32MG12P\GCC\libbluetooth.a(gatt_db_minimal.c.obj)
                0x0000e81c                gatt_db_invalidate_hash
 .text.gatt_db_set_client_features
                0x0000e82c       0x1c C:\Users\WindowsUser\SimplicityStudio\v4_workspace\soc-empty\protocol\bluetooth\lib\EFR32MG12P\GCC\libbluetooth.a(gatt_db_minimal.c.obj)
                0x0000e82c                gatt_db_set_client_features
 .text.gatt_db_handle_inrange
                0x0000e848       0x18 C:\Users\WindowsUser\SimplicityStudio\v4_workspace\soc-empty\protocol\bluetooth\lib\EFR32MG12P\GCC\libbluetooth.a(gatt_db_minimal.c.obj)
                0x0000e848                gatt_db_handle_inrange
 .text.gatt_db_handle_active
                0x0000e860       0x30 C:\Users\WindowsUser\SimplicityStudio\v4_workspace\soc-empty\protocol\bluetooth\lib\EFR32MG12P\GCC\libbluetooth.a(gatt_db_minimal.c.obj)
                0x0000e860                gatt_db_handle_active
 .text.get_client_conf_index
                0x0000e890       0x44 C:\Users\WindowsUser\SimplicityStudio\v4_workspace\soc-empty\protocol\bluetooth\lib\EFR32MG12P\GCC\libbluetooth.a(gatt_db_minimal.c.obj)
 .text.gatt_db_get_char_properties
                0x0000e8d4       0x44 C:\Users\WindowsUser\SimplicityStudio\v4_workspace\soc-empty\protocol\bluetooth\lib\EFR32MG12P\GCC\libbluetooth.a(gatt_db_minimal.c.obj)
                0x0000e8d4                gatt_db_get_char_properties
 .text.gatt_db_user_value
                0x0000e918       0x1c C:\Users\WindowsUser\SimplicityStudio\v4_workspace\soc-empty\protocol\bluetooth\lib\EFR32MG12P\GCC\libbluetooth.a(gatt_db_minimal.c.obj)
                0x0000e918                gatt_db_user_value
 .text.gatt_db_load_client_conf
                0x0000e934       0x32 C:\Users\WindowsUser\SimplicityStudio\v4_workspace\soc-empty\protocol\bluetooth\lib\EFR32MG12P\GCC\libbluetooth.a(gatt_db_minimal.c.obj)
                0x0000e934                gatt_db_load_client_conf
 *fill*         0x0000e966        0x2 
 .text.gatt_db_get_client_conf
                0x0000e968       0x68 C:\Users\WindowsUser\SimplicityStudio\v4_workspace\soc-empty\protocol\bluetooth\lib\EFR32MG12P\GCC\libbluetooth.a(gatt_db_minimal.c.obj)
                0x0000e968                gatt_db_get_client_conf
 .text.gatt_db_get_att_len
                0x0000e9d0       0x3c C:\Users\WindowsUser\SimplicityStudio\v4_workspace\soc-empty\protocol\bluetooth\lib\EFR32MG12P\GCC\libbluetooth.a(gatt_db_minimal.c.obj)
                0x0000e9d0                gatt_db_get_att_len
 .text.gatt_db_check_permissions
                0x0000ea0c      0x124 C:\Users\WindowsUser\SimplicityStudio\v4_workspace\soc-empty\protocol\bluetooth\lib\EFR32MG12P\GCC\libbluetooth.a(gatt_db_minimal.c.obj)
                0x0000ea0c                gatt_db_check_permissions
 .text.gatt_db_get_data
                0x0000eb30       0xa0 C:\Users\WindowsUser\SimplicityStudio\v4_workspace\soc-empty\protocol\bluetooth\lib\EFR32MG12P\GCC\libbluetooth.a(gatt_db_minimal.c.obj)
                0x0000eb30                gatt_db_get_data
 .text.gatt_db_set_hash
                0x0000ebd0      0x104 C:\Users\WindowsUser\SimplicityStudio\v4_workspace\soc-empty\protocol\bluetooth\lib\EFR32MG12P\GCC\libbluetooth.a(gatt_db_minimal.c.obj)
                0x0000ebd0                gatt_db_set_hash
 .text.gatt_db_find_attribute_by_type
                0x0000ecd4       0x38 C:\Users\WindowsUser\SimplicityStudio\v4_workspace\soc-empty\protocol\bluetooth\lib\EFR32MG12P\GCC\libbluetooth.a(gatt_db_minimal.c.obj)
                0x0000ecd4                gatt_db_find_attribute_by_type
 .text.gatt_db_find_group_end
                0x0000ed0c       0x48 C:\Users\WindowsUser\SimplicityStudio\v4_workspace\soc-empty\protocol\bluetooth\lib\EFR32MG12P\GCC\libbluetooth.a(gatt_db_minimal.c.obj)
                0x0000ed0c                gatt_db_find_group_end
 .text.gatt_db_find_by_type_value
                0x0000ed54       0x90 C:\Users\WindowsUser\SimplicityStudio\v4_workspace\soc-empty\protocol\bluetooth\lib\EFR32MG12P\GCC\libbluetooth.a(gatt_db_minimal.c.obj)
                0x0000ed54                gatt_db_find_by_type_value
 .text.gatt_db_populate_adv_services
                0x0000ede4      0x164 C:\Users\WindowsUser\SimplicityStudio\v4_workspace\soc-empty\protocol\bluetooth\lib\EFR32MG12P\GCC\libbluetooth.a(gatt_db_minimal.c.obj)
                0x0000ede4                gatt_db_populate_adv_services
 .text.gatt_db_get_attribute_type
                0x0000ef48       0x34 C:\Users\WindowsUser\SimplicityStudio\v4_workspace\soc-empty\protocol\bluetooth\lib\EFR32MG12P\GCC\libbluetooth.a(gatt_db_minimal.c.obj)
                0x0000ef48                gatt_db_get_attribute_type
 .text.gatt_db_get_16bit_char_handle
                0x0000ef7c       0x26 C:\Users\WindowsUser\SimplicityStudio\v4_workspace\soc-empty\protocol\bluetooth\lib\EFR32MG12P\GCC\libbluetooth.a(gatt_db_minimal.c.obj)
                0x0000ef7c                gatt_db_get_16bit_char_handle
 .text.set_client_conf.part.2
                0x0000efa2       0x7e C:\Users\WindowsUser\SimplicityStudio\v4_workspace\soc-empty\protocol\bluetooth\lib\EFR32MG12P\GCC\libbluetooth.a(gatt_db_minimal.c.obj)
 .text.gatt_db_set_data
                0x0000f020      0x160 C:\Users\WindowsUser\SimplicityStudio\v4_workspace\soc-empty\protocol\bluetooth\lib\EFR32MG12P\GCC\libbluetooth.a(gatt_db_minimal.c.obj)
                0x0000f020                gatt_db_set_data
 .text.gatt_db_reset_client_conf
                0x0000f180       0x50 C:\Users\WindowsUser\SimplicityStudio\v4_workspace\soc-empty\protocol\bluetooth\lib\EFR32MG12P\GCC\libbluetooth.a(gatt_db_minimal.c.obj)
                0x0000f180                gatt_db_reset_client_conf
 .text.send_user_read_request_event
                0x0000f1d0       0x32 C:\Users\WindowsUser\SimplicityStudio\v4_workspace\soc-empty\protocol\bluetooth\lib\EFR32MG12P\GCC\libbluetooth.a(gatt_server.c.obj)
 .text.send_user_write_request_event
                0x0000f202       0x3a C:\Users\WindowsUser\SimplicityStudio\v4_workspace\soc-empty\protocol\bluetooth\lib\EFR32MG12P\GCC\libbluetooth.a(gatt_server.c.obj)
 .text.send_execute_write_completed_event
                0x0000f23c       0x2a C:\Users\WindowsUser\SimplicityStudio\v4_workspace\soc-empty\protocol\bluetooth\lib\EFR32MG12P\GCC\libbluetooth.a(gatt_server.c.obj)
 .text.finish_read_req
                0x0000f266       0x96 C:\Users\WindowsUser\SimplicityStudio\v4_workspace\soc-empty\protocol\bluetooth\lib\EFR32MG12P\GCC\libbluetooth.a(gatt_server.c.obj)
 .text.handle_read_req
                0x0000f2fc       0xa4 C:\Users\WindowsUser\SimplicityStudio\v4_workspace\soc-empty\protocol\bluetooth\lib\EFR32MG12P\GCC\libbluetooth.a(gatt_server.c.obj)
 .text.finish_execute_write_req
                0x0000f3a0       0xa8 C:\Users\WindowsUser\SimplicityStudio\v4_workspace\soc-empty\protocol\bluetooth\lib\EFR32MG12P\GCC\libbluetooth.a(gatt_server.c.obj)
 .text.send_notification
                0x0000f448       0x7e C:\Users\WindowsUser\SimplicityStudio\v4_workspace\soc-empty\protocol\bluetooth\lib\EFR32MG12P\GCC\libbluetooth.a(gatt_server.c.obj)
 .text.gatt_server_send_attribute_value_event
                0x0000f4c6       0x3a C:\Users\WindowsUser\SimplicityStudio\v4_workspace\soc-empty\protocol\bluetooth\lib\EFR32MG12P\GCC\libbluetooth.a(gatt_server.c.obj)
                0x0000f4c6                gatt_server_send_attribute_value_event
 .text.gatt_server_send_characteristic_status_event
                0x0000f500       0x32 C:\Users\WindowsUser\SimplicityStudio\v4_workspace\soc-empty\protocol\bluetooth\lib\EFR32MG12P\GCC\libbluetooth.a(gatt_server.c.obj)
                0x0000f500                gatt_server_send_characteristic_status_event
 *fill*         0x0000f532        0x2 
 .text.gatt_server_handle_exchange_mtu_req
                0x0000f534       0x3c C:\Users\WindowsUser\SimplicityStudio\v4_workspace\soc-empty\protocol\bluetooth\lib\EFR32MG12P\GCC\libbluetooth.a(gatt_server.c.obj)
                0x0000f534                gatt_server_handle_exchange_mtu_req
 .text.gatt_server_handle_read_by_group_type
                0x0000f570      0x120 C:\Users\WindowsUser\SimplicityStudio\v4_workspace\soc-empty\protocol\bluetooth\lib\EFR32MG12P\GCC\libbluetooth.a(gatt_server.c.obj)
                0x0000f570                gatt_server_handle_read_by_group_type
 .text.gatt_server_handle_read_by_type
                0x0000f690      0x184 C:\Users\WindowsUser\SimplicityStudio\v4_workspace\soc-empty\protocol\bluetooth\lib\EFR32MG12P\GCC\libbluetooth.a(gatt_server.c.obj)
                0x0000f690                gatt_server_handle_read_by_type
 .text.gatt_server_handle_find_information
                0x0000f814       0xe2 C:\Users\WindowsUser\SimplicityStudio\v4_workspace\soc-empty\protocol\bluetooth\lib\EFR32MG12P\GCC\libbluetooth.a(gatt_server.c.obj)
                0x0000f814                gatt_server_handle_find_information
 .text.gatt_server_handle_find_by_type_value_req
                0x0000f8f6       0xc8 C:\Users\WindowsUser\SimplicityStudio\v4_workspace\soc-empty\protocol\bluetooth\lib\EFR32MG12P\GCC\libbluetooth.a(gatt_server.c.obj)
                0x0000f8f6                gatt_server_handle_find_by_type_value_req
 .text.gatt_server_handle_read_req
                0x0000f9be        0xc C:\Users\WindowsUser\SimplicityStudio\v4_workspace\soc-empty\protocol\bluetooth\lib\EFR32MG12P\GCC\libbluetooth.a(gatt_server.c.obj)
                0x0000f9be                gatt_server_handle_read_req
 .text.gatt_server_handle_read_blob_req
                0x0000f9ca        0xa C:\Users\WindowsUser\SimplicityStudio\v4_workspace\soc-empty\protocol\bluetooth\lib\EFR32MG12P\GCC\libbluetooth.a(gatt_server.c.obj)
                0x0000f9ca                gatt_server_handle_read_blob_req
 .text.gatt_server_handle_read_multiple_req
                0x0000f9d4       0xee C:\Users\WindowsUser\SimplicityStudio\v4_workspace\soc-empty\protocol\bluetooth\lib\EFR32MG12P\GCC\libbluetooth.a(gatt_server.c.obj)
                0x0000f9d4                gatt_server_handle_read_multiple_req
 .text.gatt_server_handle_write_req
                0x0000fac2       0x96 C:\Users\WindowsUser\SimplicityStudio\v4_workspace\soc-empty\protocol\bluetooth\lib\EFR32MG12P\GCC\libbluetooth.a(gatt_server.c.obj)
                0x0000fac2                gatt_server_handle_write_req
 .text.gatt_server_handle_write_cmd
                0x0000fb58       0x84 C:\Users\WindowsUser\SimplicityStudio\v4_workspace\soc-empty\protocol\bluetooth\lib\EFR32MG12P\GCC\libbluetooth.a(gatt_server.c.obj)
                0x0000fb58                gatt_server_handle_write_cmd
 .text.gatt_server_handle_prepare_write_req
                0x0000fbdc       0xa4 C:\Users\WindowsUser\SimplicityStudio\v4_workspace\soc-empty\protocol\bluetooth\lib\EFR32MG12P\GCC\libbluetooth.a(gatt_server.c.obj)
                0x0000fbdc                gatt_server_handle_prepare_write_req
 .text.gatt_server_handle_execute_write_req
                0x0000fc80       0x28 C:\Users\WindowsUser\SimplicityStudio\v4_workspace\soc-empty\protocol\bluetooth\lib\EFR32MG12P\GCC\libbluetooth.a(gatt_server.c.obj)
                0x0000fc80                gatt_server_handle_execute_write_req
 .text.gatt_server_handle_value_cfm
                0x0000fca8       0x48 C:\Users\WindowsUser\SimplicityStudio\v4_workspace\soc-empty\protocol\bluetooth\lib\EFR32MG12P\GCC\libbluetooth.a(gatt_server.c.obj)
                0x0000fca8                gatt_server_handle_value_cfm
 .text.gatt_server_send_user_write_response
                0x0000fcf0       0x7c C:\Users\WindowsUser\SimplicityStudio\v4_workspace\soc-empty\protocol\bluetooth\lib\EFR32MG12P\GCC\libbluetooth.a(gatt_server.c.obj)
                0x0000fcf0                gatt_server_send_user_write_response
 .text.gatt_server_report_gattdb_change
                0x0000fd6c       0x5c C:\Users\WindowsUser\SimplicityStudio\v4_workspace\soc-empty\protocol\bluetooth\lib\EFR32MG12P\GCC\libbluetooth.a(gatt_server.c.obj)
                0x0000fd6c                gatt_server_report_gattdb_change
 .text.gatt_server_report_client_config
                0x0000fdc8       0xa8 C:\Users\WindowsUser\SimplicityStudio\v4_workspace\soc-empty\protocol\bluetooth\lib\EFR32MG12P\GCC\libbluetooth.a(gatt_server.c.obj)
                0x0000fdc8                gatt_server_report_client_config
 .text.handle_database_changed.part.3
                0x0000fe70       0x70 C:\Users\WindowsUser\SimplicityStudio\v4_workspace\soc-empty\protocol\bluetooth\lib\EFR32MG12P\GCC\libbluetooth.a(gatt_server.c.obj)
 .text.gatt_server_handle_att
                0x0000fee0      0x262 C:\Users\WindowsUser\SimplicityStudio\v4_workspace\soc-empty\protocol\bluetooth\lib\EFR32MG12P\GCC\libbluetooth.a(gatt_server.c.obj)
                0x0000fee0                gatt_server_handle_att
 .text.gatt_set_gattdb
                0x00010142       0x34 C:\Users\WindowsUser\SimplicityStudio\v4_workspace\soc-empty\protocol\bluetooth\lib\EFR32MG12P\GCC\libbluetooth.a(gatt_server.c.obj)
                0x00010142                gatt_set_gattdb
 .text.gatt_server_enter_att_handling
                0x00010176        0xa C:\Users\WindowsUser\SimplicityStudio\v4_workspace\soc-empty\protocol\bluetooth\lib\EFR32MG12P\GCC\libbluetooth.a(gatt_server.c.obj)
                0x00010176                gatt_server_enter_att_handling
 .text.gatt_server_leave_att_handling
                0x00010180        0xa C:\Users\WindowsUser\SimplicityStudio\v4_workspace\soc-empty\protocol\bluetooth\lib\EFR32MG12P\GCC\libbluetooth.a(gatt_server.c.obj)
                0x00010180                gatt_server_leave_att_handling
 .text.gatt_server_att_handling
                0x0001018a        0x8 C:\Users\WindowsUser\SimplicityStudio\v4_workspace\soc-empty\protocol\bluetooth\lib\EFR32MG12P\GCC\libbluetooth.a(gatt_server.c.obj)
                0x0001018a                gatt_server_att_handling
 .text.gecko_bgapi_class_dfu_init
                0x00010192       0x12 C:\Users\WindowsUser\SimplicityStudio\v4_workspace\soc-empty\protocol\bluetooth\lib\EFR32MG12P\GCC\libbluetooth.a(gecko_bgapi_dfu.c.obj)
                0x00010192                gecko_bgapi_class_dfu_init
 .text.gecko_bgapi_class_endpoint_init
                0x000101a4       0x12 C:\Users\WindowsUser\SimplicityStudio\v4_workspace\soc-empty\protocol\bluetooth\lib\EFR32MG12P\GCC\libbluetooth.a(gecko_bgapi_endpoint.c.obj)
                0x000101a4                gecko_bgapi_class_endpoint_init
 .text.gecko_bgapi_class_flash_init
                0x000101b6       0x12 C:\Users\WindowsUser\SimplicityStudio\v4_workspace\soc-empty\protocol\bluetooth\lib\EFR32MG12P\GCC\libbluetooth.a(gecko_bgapi_flash.c.obj)
                0x000101b6                gecko_bgapi_class_flash_init
 .text.gecko_bgapi_class_le_gap_init
                0x000101c8       0x12 C:\Users\WindowsUser\SimplicityStudio\v4_workspace\soc-empty\protocol\bluetooth\lib\EFR32MG12P\GCC\libbluetooth.a(gecko_bgapi_gap.c.obj)
                0x000101c8                gecko_bgapi_class_le_gap_init
 .text.gecko_bgapi_class_gatt_init
                0x000101da       0x12 C:\Users\WindowsUser\SimplicityStudio\v4_workspace\soc-empty\protocol\bluetooth\lib\EFR32MG12P\GCC\libbluetooth.a(gecko_bgapi_gatt.c.obj)
                0x000101da                gecko_bgapi_class_gatt_init
 .text.gecko_bgapi_class_gatt_server_init
                0x000101ec       0x12 C:\Users\WindowsUser\SimplicityStudio\v4_workspace\soc-empty\protocol\bluetooth\lib\EFR32MG12P\GCC\libbluetooth.a(gecko_bgapi_gatt_server.c.obj)
                0x000101ec                gecko_bgapi_class_gatt_server_init
 .text.gecko_bgapi_class_hardware_init
                0x000101fe       0x12 C:\Users\WindowsUser\SimplicityStudio\v4_workspace\soc-empty\protocol\bluetooth\lib\EFR32MG12P\GCC\libbluetooth.a(gecko_bgapi_hardware.c.obj)
                0x000101fe                gecko_bgapi_class_hardware_init
 .text.gecko_bgapi_class_le_connection_init
                0x00010210       0x12 C:\Users\WindowsUser\SimplicityStudio\v4_workspace\soc-empty\protocol\bluetooth\lib\EFR32MG12P\GCC\libbluetooth.a(gecko_bgapi_le_connection.c.obj)
                0x00010210                gecko_bgapi_class_le_connection_init
 .text.gecko_bgapi_class_sm_init
                0x00010222       0x12 C:\Users\WindowsUser\SimplicityStudio\v4_workspace\soc-empty\protocol\bluetooth\lib\EFR32MG12P\GCC\libbluetooth.a(gecko_bgapi_sm.c.obj)
                0x00010222                gecko_bgapi_class_sm_init
 .text.gecko_bgapi_class_system_init
                0x00010234       0x12 C:\Users\WindowsUser\SimplicityStudio\v4_workspace\soc-empty\protocol\bluetooth\lib\EFR32MG12P\GCC\libbluetooth.a(gecko_bgapi_system.c.obj)
                0x00010234                gecko_bgapi_class_system_init
 .text.gecko_bgapi_class_test_init
                0x00010246       0x12 C:\Users\WindowsUser\SimplicityStudio\v4_workspace\soc-empty\protocol\bluetooth\lib\EFR32MG12P\GCC\libbluetooth.a(gecko_bgapi_test.c.obj)
                0x00010246                gecko_bgapi_class_test_init
 .text.handle_bgapi_output
                0x00010258       0x74 C:\Users\WindowsUser\SimplicityStudio\v4_workspace\soc-empty\protocol\bluetooth\lib\EFR32MG12P\GCC\libbluetooth.a(gecko_endpoints.c.obj)
 .text.gecko_release_evt
                0x000102cc       0x14 C:\Users\WindowsUser\SimplicityStudio\v4_workspace\soc-empty\protocol\bluetooth\lib\EFR32MG12P\GCC\libbluetooth.a(gecko_endpoints.c.obj)
                0x000102cc                gecko_release_evt
 .text.gecko_get_evt
                0x000102e0       0x10 C:\Users\WindowsUser\SimplicityStudio\v4_workspace\soc-empty\protocol\bluetooth\lib\EFR32MG12P\GCC\libbluetooth.a(gecko_endpoints.c.obj)
                0x000102e0                gecko_get_evt
 .text.gecko_register_bgapi_library
                0x000102f0       0x38 C:\Users\WindowsUser\SimplicityStudio\v4_workspace\soc-empty\protocol\bluetooth\lib\EFR32MG12P\GCC\libbluetooth.a(gecko_endpoints.c.obj)
                0x000102f0                gecko_register_bgapi_library
 .text.gecko_handle_library_packet
                0x00010328       0x10 C:\Users\WindowsUser\SimplicityStudio\v4_workspace\soc-empty\protocol\bluetooth\lib\EFR32MG12P\GCC\libbluetooth.a(gecko_endpoints.c.obj)
                0x00010328                gecko_handle_library_packet
 .text.sli_bt_cmd_handler_delegate
                0x00010338       0x7c C:\Users\WindowsUser\SimplicityStudio\v4_workspace\soc-empty\protocol\bluetooth\lib\EFR32MG12P\GCC\libbluetooth.a(gecko_endpoints.c.obj)
                0x00010338                sli_bt_cmd_handler_delegate
 .text.hci_increase_token
                0x000103b4       0x12 C:\Users\WindowsUser\SimplicityStudio\v4_workspace\soc-empty\protocol\bluetooth\lib\EFR32MG12P\GCC\libbluetooth.a(hci.c.obj)
 *fill*         0x000103c6        0x2 
 .text.hci_init
                0x000103c8       0x1c C:\Users\WindowsUser\SimplicityStudio\v4_workspace\soc-empty\protocol\bluetooth\lib\EFR32MG12P\GCC\libbluetooth.a(hci.c.obj)
                0x000103c8                hci_init
 .text.hci_command_status_handle
                0x000103e4       0x40 C:\Users\WindowsUser\SimplicityStudio\v4_workspace\soc-empty\protocol\bluetooth\lib\EFR32MG12P\GCC\libbluetooth.a(hci.c.obj)
                0x000103e4                hci_command_status_handle
 .text.hci_command_complete_handle
                0x00010424      0x148 C:\Users\WindowsUser\SimplicityStudio\v4_workspace\soc-empty\protocol\bluetooth\lib\EFR32MG12P\GCC\libbluetooth.a(hci.c.obj)
                0x00010424                hci_command_complete_handle
 .text.handle_extended_advertising_report
                0x0001056c      0x100 C:\Users\WindowsUser\SimplicityStudio\v4_workspace\soc-empty\protocol\bluetooth\lib\EFR32MG12P\GCC\libbluetooth.a(hci.c.obj)
                0x0001056c                handle_extended_advertising_report
 .text.hci_inject_acl
                0x0001066c        0xc C:\Users\WindowsUser\SimplicityStudio\v4_workspace\soc-empty\protocol\bluetooth\lib\EFR32MG12P\GCC\libbluetooth.a(hci.c.obj)
                0x0001066c                hci_inject_acl
 .text.hci_packets_waiting
                0x00010678       0x18 C:\Users\WindowsUser\SimplicityStudio\v4_workspace\soc-empty\protocol\bluetooth\lib\EFR32MG12P\GCC\libbluetooth.a(hci.c.obj)
                0x00010678                hci_packets_waiting
 .text.hci_get_acl_packet
                0x00010690       0x14 C:\Users\WindowsUser\SimplicityStudio\v4_workspace\soc-empty\protocol\bluetooth\lib\EFR32MG12P\GCC\libbluetooth.a(hci.c.obj)
                0x00010690                hci_get_acl_packet
 .text.hci_send_command
                0x000106a4       0x12 C:\Users\WindowsUser\SimplicityStudio\v4_workspace\soc-empty\protocol\bluetooth\lib\EFR32MG12P\GCC\libbluetooth.a(hci.c.obj)
                0x000106a4                hci_send_command
 .text.hci_read_bdaddr
                0x000106b6       0x1c C:\Users\WindowsUser\SimplicityStudio\v4_workspace\soc-empty\protocol\bluetooth\lib\EFR32MG12P\GCC\libbluetooth.a(hci.c.obj)
                0x000106b6                hci_read_bdaddr
 *fill*         0x000106d2        0x2 
 .text.hci_state_listener
                0x000106d4       0x14 C:\Users\WindowsUser\SimplicityStudio\v4_workspace\soc-empty\protocol\bluetooth\lib\EFR32MG12P\GCC\libbluetooth.a(hci.c.obj)
                0x000106d4                hci_state_listener
 .text.hci_set_state
                0x000106e8       0x1c C:\Users\WindowsUser\SimplicityStudio\v4_workspace\soc-empty\protocol\bluetooth\lib\EFR32MG12P\GCC\libbluetooth.a(hci.c.obj)
                0x000106e8                hci_set_state
 .text.hci_state_listener_init
                0x00010704       0x10 C:\Users\WindowsUser\SimplicityStudio\v4_workspace\soc-empty\protocol\bluetooth\lib\EFR32MG12P\GCC\libbluetooth.a(hci.c.obj)
                0x00010704                hci_state_listener_init
 .text.hci_state_listener_init_default_data_length
                0x00010714       0x6c C:\Users\WindowsUser\SimplicityStudio\v4_workspace\soc-empty\protocol\bluetooth\lib\EFR32MG12P\GCC\libbluetooth.a(hci.c.obj)
                0x00010714                hci_state_listener_init_default_data_length
 .text.hci_run  0x00010780        0x6 C:\Users\WindowsUser\SimplicityStudio\v4_workspace\soc-empty\protocol\bluetooth\lib\EFR32MG12P\GCC\libbluetooth.a(hci.c.obj)
                0x00010780                hci_run
 .text.hci_start
                0x00010786        0x6 C:\Users\WindowsUser\SimplicityStudio\v4_workspace\soc-empty\protocol\bluetooth\lib\EFR32MG12P\GCC\libbluetooth.a(hci.c.obj)
                0x00010786                hci_start
 .text.hci_cleanup_acl
                0x0001078c       0x28 C:\Users\WindowsUser\SimplicityStudio\v4_workspace\soc-empty\protocol\bluetooth\lib\EFR32MG12P\GCC\libbluetooth.a(hci.c.obj)
                0x0001078c                hci_cleanup_acl
 .text.hci_send_acl
                0x000107b4       0xac C:\Users\WindowsUser\SimplicityStudio\v4_workspace\soc-empty\protocol\bluetooth\lib\EFR32MG12P\GCC\libbluetooth.a(hci.c.obj)
                0x000107b4                hci_send_acl
 .text.hci_le_set_random_address
                0x00010860       0x2c C:\Users\WindowsUser\SimplicityStudio\v4_workspace\soc-empty\protocol\bluetooth\lib\EFR32MG12P\GCC\libbluetooth.a(hci.c.obj)
                0x00010860                hci_le_set_random_address
 .text.hci_le_set_extended_advertising_parameters
                0x0001088c       0x98 C:\Users\WindowsUser\SimplicityStudio\v4_workspace\soc-empty\protocol\bluetooth\lib\EFR32MG12P\GCC\libbluetooth.a(hci.c.obj)
                0x0001088c                hci_le_set_extended_advertising_parameters
 .text.hci_le_set_advertising_set_random_address
                0x00010924       0x38 C:\Users\WindowsUser\SimplicityStudio\v4_workspace\soc-empty\protocol\bluetooth\lib\EFR32MG12P\GCC\libbluetooth.a(hci.c.obj)
                0x00010924                hci_le_set_advertising_set_random_address
 .text.hci_le_set_extended_advertising_data
                0x0001095c       0x34 C:\Users\WindowsUser\SimplicityStudio\v4_workspace\soc-empty\protocol\bluetooth\lib\EFR32MG12P\GCC\libbluetooth.a(hci.c.obj)
                0x0001095c                hci_le_set_extended_advertising_data
 .text.hci_le_set_extended_scan_response_data
                0x00010990       0x34 C:\Users\WindowsUser\SimplicityStudio\v4_workspace\soc-empty\protocol\bluetooth\lib\EFR32MG12P\GCC\libbluetooth.a(hci.c.obj)
                0x00010990                hci_le_set_extended_scan_response_data
 .text.hci_le_set_extended_advertising_enable
                0x000109c4       0x44 C:\Users\WindowsUser\SimplicityStudio\v4_workspace\soc-empty\protocol\bluetooth\lib\EFR32MG12P\GCC\libbluetooth.a(hci.c.obj)
                0x000109c4                hci_le_set_extended_advertising_enable
 .text.hci_le_set_extended_scan_parameters
                0x00010a08       0x4c C:\Users\WindowsUser\SimplicityStudio\v4_workspace\soc-empty\protocol\bluetooth\lib\EFR32MG12P\GCC\libbluetooth.a(hci.c.obj)
                0x00010a08                hci_le_set_extended_scan_parameters
 .text.hci_le_set_ext_scan_enable
                0x00010a54       0x34 C:\Users\WindowsUser\SimplicityStudio\v4_workspace\soc-empty\protocol\bluetooth\lib\EFR32MG12P\GCC\libbluetooth.a(hci.c.obj)
                0x00010a54                hci_le_set_ext_scan_enable
 .text.hci_le_create_connection_cancel
                0x00010a88       0x14 C:\Users\WindowsUser\SimplicityStudio\v4_workspace\soc-empty\protocol\bluetooth\lib\EFR32MG12P\GCC\libbluetooth.a(hci.c.obj)
                0x00010a88                hci_le_create_connection_cancel
 .text.hci_close_acl
                0x00010a9c       0x42 C:\Users\WindowsUser\SimplicityStudio\v4_workspace\soc-empty\protocol\bluetooth\lib\EFR32MG12P\GCC\libbluetooth.a(hci.c.obj)
                0x00010a9c                hci_close_acl
 *fill*         0x00010ade        0x2 
 .text.hci_le_connection_update
                0x00010ae0       0x58 C:\Users\WindowsUser\SimplicityStudio\v4_workspace\soc-empty\protocol\bluetooth\lib\EFR32MG12P\GCC\libbluetooth.a(hci.c.obj)
                0x00010ae0                hci_le_connection_update
 .text.hci_le_start_encryption
                0x00010b38       0x50 C:\Users\WindowsUser\SimplicityStudio\v4_workspace\soc-empty\protocol\bluetooth\lib\EFR32MG12P\GCC\libbluetooth.a(hci.c.obj)
                0x00010b38                hci_le_start_encryption
 .text.hci_le_ltk_reply
                0x00010b88       0x4c C:\Users\WindowsUser\SimplicityStudio\v4_workspace\soc-empty\protocol\bluetooth\lib\EFR32MG12P\GCC\libbluetooth.a(hci.c.obj)
                0x00010b88                hci_le_ltk_reply
 .text.hci_le_remote_connection_parameter_request_reply
                0x00010bd4       0x58 C:\Users\WindowsUser\SimplicityStudio\v4_workspace\soc-empty\protocol\bluetooth\lib\EFR32MG12P\GCC\libbluetooth.a(hci.c.obj)
                0x00010bd4                hci_le_remote_connection_parameter_request_reply
 .text.hci_event_handle
                0x00010c2c      0x26a C:\Users\WindowsUser\SimplicityStudio\v4_workspace\soc-empty\protocol\bluetooth\lib\EFR32MG12P\GCC\libbluetooth.a(hci.c.obj)
                0x00010c2c                hci_event_handle
 .text.hci_get_and_handle
                0x00010e96       0x20 C:\Users\WindowsUser\SimplicityStudio\v4_workspace\soc-empty\protocol\bluetooth\lib\EFR32MG12P\GCC\libbluetooth.a(hci.c.obj)
                0x00010e96                hci_get_and_handle
 *fill*         0x00010eb6        0x2 
 .text.hci_state_listener_idle
                0x00010eb8       0x1c C:\Users\WindowsUser\SimplicityStudio\v4_workspace\soc-empty\protocol\bluetooth\lib\EFR32MG12P\GCC\libbluetooth.a(hci.c.obj)
                0x00010eb8                hci_state_listener_idle
 .text.hci_read_conn_phy
                0x00010ed4       0x24 C:\Users\WindowsUser\SimplicityStudio\v4_workspace\soc-empty\protocol\bluetooth\lib\EFR32MG12P\GCC\libbluetooth.a(hci.c.obj)
                0x00010ed4                hci_read_conn_phy
 .text.cmd2bgbuf
                0x00010ef8        0x4 C:\Users\WindowsUser\SimplicityStudio\v4_workspace\soc-empty\protocol\bluetooth\lib\EFR32MG12P\GCC\libbluetooth.a(hci_pck.c.obj)
                0x00010ef8                cmd2bgbuf
 .text.hci_command_alloc
                0x00010efc       0x2e C:\Users\WindowsUser\SimplicityStudio\v4_workspace\soc-empty\protocol\bluetooth\lib\EFR32MG12P\GCC\libbluetooth.a(hci_pck.c.obj)
                0x00010efc                hci_command_alloc
 .text.hci_command_init_shared
                0x00010f2a       0x26 C:\Users\WindowsUser\SimplicityStudio\v4_workspace\soc-empty\protocol\bluetooth\lib\EFR32MG12P\GCC\libbluetooth.a(hci_pck.c.obj)
                0x00010f2a                hci_command_init_shared
 .text.hci_command_shared_response
                0x00010f50       0x14 C:\Users\WindowsUser\SimplicityStudio\v4_workspace\soc-empty\protocol\bluetooth\lib\EFR32MG12P\GCC\libbluetooth.a(hci_pck.c.obj)
                0x00010f50                hci_command_shared_response
 .text.hci_command_init_shared_bgbuf
                0x00010f64       0x5a C:\Users\WindowsUser\SimplicityStudio\v4_workspace\soc-empty\protocol\bluetooth\lib\EFR32MG12P\GCC\libbluetooth.a(hci_pck.c.obj)
                0x00010f64                hci_command_init_shared_bgbuf
 *fill*         0x00010fbe        0x2 
 .text.hci_get_output_acl
                0x00010fc0        0xc C:\Users\WindowsUser\SimplicityStudio\v4_workspace\soc-empty\protocol\bluetooth\lib\EFR32MG12P\GCC\libbluetooth.a(hci_pck.c.obj)
                0x00010fc0                hci_get_output_acl
 .text.hci_get_event
                0x00010fcc        0xc C:\Users\WindowsUser\SimplicityStudio\v4_workspace\soc-empty\protocol\bluetooth\lib\EFR32MG12P\GCC\libbluetooth.a(hci_pck.c.obj)
                0x00010fcc                hci_get_event
 .text.hci_inject_event
                0x00010fd8        0xc C:\Users\WindowsUser\SimplicityStudio\v4_workspace\soc-empty\protocol\bluetooth\lib\EFR32MG12P\GCC\libbluetooth.a(hci_pck.c.obj)
                0x00010fd8                hci_inject_event
 .text.bg_pre_sleep
                0x00010fe4        0x2 C:\Users\WindowsUser\SimplicityStudio\v4_workspace\soc-empty\protocol\bluetooth\lib\EFR32MG12P\GCC\libbluetooth.a(init.c.obj)
                0x00010fe4                bg_pre_sleep
 .text.bg_post_wakeup
                0x00010fe6        0x2 C:\Users\WindowsUser\SimplicityStudio\v4_workspace\soc-empty\protocol\bluetooth\lib\EFR32MG12P\GCC\libbluetooth.a(init.c.obj)
                0x00010fe6                bg_post_wakeup
 .text.bg_radio_init
                0x00010fe8       0xd8 C:\Users\WindowsUser\SimplicityStudio\v4_workspace\soc-empty\protocol\bluetooth\lib\EFR32MG12P\GCC\libbluetooth.a(init.c.obj)
                0x00010fe8                bg_radio_init
 .text.bg_low_init
                0x000110c0       0x20 C:\Users\WindowsUser\SimplicityStudio\v4_workspace\soc-empty\protocol\bluetooth\lib\EFR32MG12P\GCC\libbluetooth.a(init.c.obj)
                0x000110c0                bg_low_init
 .text.irq_init
                0x000110e0       0x88 C:\Users\WindowsUser\SimplicityStudio\v4_workspace\soc-empty\protocol\bluetooth\lib\EFR32MG12P\GCC\libbluetooth.a(irq.c.obj)
                0x000110e0                irq_init
 .text.l2cap_send_update_parameters_response
                0x00011168       0x48 C:\Users\WindowsUser\SimplicityStudio\v4_workspace\soc-empty\protocol\bluetooth\lib\EFR32MG12P\GCC\libbluetooth.a(l2cap.c.obj)
 .text.l2cap_message_handler
                0x000111b0       0x34 C:\Users\WindowsUser\SimplicityStudio\v4_workspace\soc-empty\protocol\bluetooth\lib\EFR32MG12P\GCC\libbluetooth.a(l2cap.c.obj)
                0x000111b0                l2cap_message_handler
 .text.l2cap_send_command_reject.constprop.1
                0x000111e4       0x48 C:\Users\WindowsUser\SimplicityStudio\v4_workspace\soc-empty\protocol\bluetooth\lib\EFR32MG12P\GCC\libbluetooth.a(l2cap.c.obj)
 .text.l2cap_init
                0x0001122c       0x20 C:\Users\WindowsUser\SimplicityStudio\v4_workspace\soc-empty\protocol\bluetooth\lib\EFR32MG12P\GCC\libbluetooth.a(l2cap.c.obj)
                0x0001122c                l2cap_init
 .text.l2cap_send_fixed_channel
                0x0001124c       0x40 C:\Users\WindowsUser\SimplicityStudio\v4_workspace\soc-empty\protocol\bluetooth\lib\EFR32MG12P\GCC\libbluetooth.a(l2cap.c.obj)
                0x0001124c                l2cap_send_fixed_channel
 .text.acl_packet_handle
                0x0001128c      0x150 C:\Users\WindowsUser\SimplicityStudio\v4_workspace\soc-empty\protocol\bluetooth\lib\EFR32MG12P\GCC\libbluetooth.a(l2cap.c.obj)
                0x0001128c                acl_packet_handle
 .text.ll_hciSetCommandCompleteHeader
                0x000113dc       0x22 C:\Users\WindowsUser\SimplicityStudio\v4_workspace\soc-empty\protocol\bluetooth\lib\EFR32MG12P\GCC\libbluetooth.a(ll_hci.c.obj)
                0x000113dc                ll_hciSetCommandCompleteHeader
 .text.ll_hciSetMetaEventHeader
                0x000113fe       0x1a C:\Users\WindowsUser\SimplicityStudio\v4_workspace\soc-empty\protocol\bluetooth\lib\EFR32MG12P\GCC\libbluetooth.a(ll_hci.c.obj)
                0x000113fe                ll_hciSetMetaEventHeader
 .text.ll_hciSetCommandStatusHeader
                0x00011418       0x22 C:\Users\WindowsUser\SimplicityStudio\v4_workspace\soc-empty\protocol\bluetooth\lib\EFR32MG12P\GCC\libbluetooth.a(ll_hci.c.obj)
                0x00011418                ll_hciSetCommandStatusHeader