08:44:47 **** Incremental Build of configuration GNU ARM v7.2.1 - Default for project soc-empty ****
make -j8 all 
Building file: ../gatt_db.c
Invoking: GNU ARM C Compiler
arm-none-eabi-gcc -g -gdwarf-2 -mcpu=cortex-m4 -mthumb -std=c99 '-DEFR32MG12P332F1024GL125=1' '-D__StackLimit=0x20000000' '-DHAL_CONFIG=1' '-D__HEAP_SIZE=0xD00' '-D__STACK_SIZE=0x800' -I"C:\Users\WindowsUser\SimplicityStudio\v4_workspace\soc-empty" -I"C:\Users\WindowsUser\SimplicityStudio\v4_workspace\soc-empty\platform\emlib\src" -I"C:\Users\WindowsUser\SimplicityStudio\v4_workspace\soc-empty\platform\Device\SiliconLabs\EFR32MG12P\Include" -I"C:\Users\WindowsUser\SimplicityStudio\v4_workspace\soc-empty\platform\emlib\inc" -I"C:\Users\WindowsUser\SimplicityStudio\v4_workspace\soc-empty\platform\emdrv\sleep\inc" -I"C:\Users\WindowsUser\SimplicityStudio\v4_workspace\soc-empty\platform\CMSIS\Include" -I"C:\Users\WindowsUser\SimplicityStudio\v4_workspace\soc-empty\platform\emdrv\dmadrv\src" -I"C:\Users\WindowsUser\SimplicityStudio\v4_workspace\soc-empty\platform\Device\SiliconLabs\EFR32MG12P\Source\GCC" -I"C:\Users\WindowsUser\SimplicityStudio\v4_workspace\soc-empty\platform\emdrv\common\inc" -I"C:\Users\WindowsUser\SimplicityStudio\v4_workspace\soc-empty\hardware\kit\EFR32MG12_BRD4166A\config" -I"C:\Users\WindowsUser\SimplicityStudio\v4_workspace\soc-empty\app\bluetooth\common\util" -I"C:\Users\WindowsUser\SimplicityStudio\v4_workspace\soc-empty\hardware\kit\common\bsp" -I"C:\Users\WindowsUser\SimplicityStudio\v4_workspace\soc-empty\protocol\bluetooth\ble_stack\inc\common" -I"C:\Users\WindowsUser\SimplicityStudio\v4_workspace\soc-empty\hardware\kit\common\drivers" -I"C:\Users\WindowsUser\SimplicityStudio\v4_workspace\soc-empty\platform\bootloader\api" -I"C:\Users\WindowsUser\SimplicityStudio\v4_workspace\soc-empty\platform\emdrv\gpiointerrupt\src" -I"C:\Users\WindowsUser\SimplicityStudio\v4_workspace\soc-empty\platform\radio\rail_lib\common" -I"C:\Users\WindowsUser\SimplicityStudio\v4_workspace\soc-empty\platform\emdrv\gpiointerrupt\inc" -I"C:\Users\WindowsUser\SimplicityStudio\v4_workspace\soc-empty\hardware\kit\common\halconfig" -I"C:\Users\WindowsUser\SimplicityStudio\v4_workspace\soc-empty\platform\halconfig\inc\hal-config" -I"C:\Users\WindowsUser\SimplicityStudio\v4_workspace\soc-empty\platform\emdrv\dmadrv\inc" -I"C:\Users\WindowsUser\SimplicityStudio\v4_workspace\soc-empty\platform\emdrv\uartdrv\inc" -I"C:\Users\WindowsUser\SimplicityStudio\v4_workspace\soc-empty\protocol\bluetooth\ble_stack\inc\soc" -I"C:\Users\WindowsUser\SimplicityStudio\v4_workspace\soc-empty\platform\radio\rail_lib\chip\efr32\efr32xg1x" -I"C:\Users\WindowsUser\SimplicityStudio\v4_workspace\soc-empty\platform\Device\SiliconLabs\EFR32MG12P\Source" -I"C:\Users\WindowsUser\SimplicityStudio\v4_workspace\soc-empty\platform\emdrv\sleep\src" -I"C:\Users\WindowsUser\SimplicityStudio\v4_workspace\soc-empty\platform\bootloader" -O2 -Wall -c -fmessage-length=0 -ffunction-sections -fdata-sections -mfpu=fpv4-sp-d16 -mfloat-abi=softfp -MMD -MP -MF"gatt_db.d" -MT"gatt_db.o" -o "gatt_db.o" "../gatt_db.c"
Finished building: ../gatt_db.c
 
Building target: soc-empty.axf
Invoking: GNU ARM C Linker
arm-none-eabi-gcc -g -gdwarf-2 -mcpu=cortex-m4 -mthumb -T "C:\Users\WindowsUser\SimplicityStudio\v4_workspace\soc-empty\efr32mg12p332f1024gl125.ld" -Xlinker --gc-sections -Xlinker -Map="soc-empty.map" -mfpu=fpv4-sp-d16 -mfloat-abi=softfp --specs=nano.specs -o soc-empty.axf -Wl,--start-group "./app/bluetooth/common/util/infrastructure.o" "./application_properties.o" "./gatt_db.o" "./init_app.o" "./init_board_efr32xg1.o" "./init_mcu_efr32xg1.o" "./main.o" "./pti.o" "./hardware/kit/common/bsp/bsp_stk.o" "./hardware/kit/common/drivers/mx25flash_spi.o" "./hardware/kit/common/drivers/retargetio.o" "./hardware/kit/common/drivers/retargetserial.o" "./platform/Device/SiliconLabs/EFR32MG12P/Source/GCC/startup_efr32mg12p.o" "./platform/Device/SiliconLabs/EFR32MG12P/Source/system_efr32mg12p.o" "./platform/emdrv/dmadrv/src/dmadrv.o" "./platform/emdrv/gpiointerrupt/src/gpiointerrupt.o" "./platform/emdrv/sleep/src/sleep.o" "./platform/emlib/src/em_adc.o" "./platform/emlib/src/em_assert.o" "./platform/emlib/src/em_cmu.o" "./platform/emlib/src/em_core.o" "./platform/emlib/src/em_cryotimer.o" "./platform/emlib/src/em_crypto.o" "./platform/emlib/src/em_emu.o" "./platform/emlib/src/em_gpio.o" "./platform/emlib/src/em_i2c.o" "./platform/emlib/src/em_ldma.o" "./platform/emlib/src/em_msc.o" "./platform/emlib/src/em_prs.o" "./platform/emlib/src/em_rmu.o" "./platform/emlib/src/em_rtcc.o" "./platform/emlib/src/em_se.o" "./platform/emlib/src/em_system.o" "./platform/emlib/src/em_timer.o" "./platform/emlib/src/em_usart.o" "C:\Users\WindowsUser\SimplicityStudio\v4_workspace\soc-empty\protocol\bluetooth\lib\EFR32MG12P\GCC\libmbedtls.a" "C:\Users\WindowsUser\SimplicityStudio\v4_workspace\soc-empty\protocol\bluetooth\lib\EFR32MG12P\GCC\libbluetooth.a" "C:\Users\WindowsUser\SimplicityStudio\v4_workspace\soc-empty\protocol\bluetooth\lib\EFR32MG12P\GCC\libpsstore.a" "C:\Users\WindowsUser\SimplicityStudio\v4_workspace\soc-empty\platform\radio\rail_lib\autogen\librail_release\librail_efr32xg12_gcc_release.a" "C:\Users\WindowsUser\SimplicityStudio\v4_workspace\soc-empty\protocol\bluetooth\lib\EFR32MG12P\GCC\binapploader.o" -lm -Wl,--end-group -Wl,--start-group -lgcc -lc -lnosys -Wl,--end-group
Finished building target: soc-empty.axf
 
Building hex file: soc-empty.hex
arm-none-eabi-objcopy -O ihex "soc-empty.axf" "soc-empty.hex"
 
Building bin file: soc-empty.bin
arm-none-eabi-objcopy -O binary "soc-empty.axf" "soc-empty.bin"
 
Building s37 file: soc-empty.s37
arm-none-eabi-objcopy -O srec "soc-empty.axf" "soc-empty.s37"
 
Running size tool
arm-none-eabi-size "soc-empty.axf"
   text	   data	    bss	    dec	    hex	filename
 177004	      0	  11940	 188944	  2e210	soc-empty.axf
 

08:44:52 Build Finished (took 5s.346ms)

